Copyright 1986-2020 Xilinx, Inc. All Rights Reserved.
----------------------------------------------------------------------------------------------------------------------------------------------------------
| Tool Version     : Vivado v.2020.2 (win64) Build 3064766 Wed Nov 18 09:12:45 MST 2020
| Date             : Tue Jan 18 12:32:05 2022
| Host             : Samuels running 64-bit major release  (build 9200)
| Command          : report_power -file MIPSpipeline_power_routed.rpt -pb MIPSpipeline_power_summary_routed.pb -rpx MIPSpipeline_power_routed.rpx
| Design           : MIPSpipeline
| Device           : xc7s100fgga676-2
| Design State     : routed
| Grade            : commercial
| Process          : typical
| Characterization : Production
----------------------------------------------------------------------------------------------------------------------------------------------------------

Power Report

Table of Contents
-----------------
1. Summary
1.1 On-Chip Components
1.2 Power Supply Summary
1.3 Confidence Level
2. Settings
2.1 Environment
2.2 Clock Constraints
3. Detailed Reports
3.1 By Hierarchy

1. Summary
----------

+--------------------------+--------------+
| Total On-Chip Power (W)  | 0.467        |
| Design Power Budget (W)  | Unspecified* |
| Power Budget Margin (W)  | NA           |
| Dynamic (W)              | 0.364        |
| Device Static (W)        | 0.103        |
| Effective TJA (C/W)      | 2.4          |
| Max Ambient (C)          | 83.9         |
| Junction Temperature (C) | 26.1         |
| Confidence Level         | Medium       |
| Setting File             | ---          |
| Simulation Activity File | ---          |
| Design Nets Matched      | NA           |
+--------------------------+--------------+
* Specify Design Power Budget using, set_operating_conditions -design_power_budget <value in Watts>


1.1 On-Chip Components
----------------------

+----------------+-----------+----------+-----------+-----------------+
| On-Chip        | Power (W) | Used     | Available | Utilization (%) |
+----------------+-----------+----------+-----------+-----------------+
| Clocks         |     0.015 |        5 |       --- |             --- |
| Slice Logic    |     0.117 |    33857 |       --- |             --- |
|   LUT as Logic |     0.110 |    16404 |     64000 |           25.63 |
|   F7/F8 Muxes  |     0.007 |     6528 |     64000 |           10.20 |
|   Register     |    <0.001 |     9084 |    128000 |            7.10 |
|   Others       |     0.000 |      245 |       --- |             --- |
| Signals        |     0.226 |    14868 |       --- |             --- |
| I/O            |     0.007 |       10 |       400 |            2.50 |
| Static Power   |     0.103 |          |           |                 |
| Total          |     0.467 |          |           |                 |
+----------------+-----------+----------+-----------+-----------------+


1.2 Power Supply Summary
------------------------

+-----------+-------------+-----------+-------------+------------+-------------+-------------+------------+
| Source    | Voltage (V) | Total (A) | Dynamic (A) | Static (A) | Powerup (A) | Budget (A)  | Margin (A) |
+-----------+-------------+-----------+-------------+------------+-------------+-------------+------------+
| Vccint    |       1.000 |     0.372 |       0.358 |      0.015 |       NA    | Unspecified | NA         |
| Vccaux    |       1.800 |     0.022 |       0.000 |      0.021 |       NA    | Unspecified | NA         |
| Vcco33    |       3.300 |     0.006 |       0.002 |      0.004 |       NA    | Unspecified | NA         |
| Vcco25    |       2.500 |     0.000 |       0.000 |      0.000 |       NA    | Unspecified | NA         |
| Vcco18    |       1.800 |     0.000 |       0.000 |      0.000 |       NA    | Unspecified | NA         |
| Vcco15    |       1.500 |     0.000 |       0.000 |      0.000 |       NA    | Unspecified | NA         |
| Vcco135   |       1.350 |     0.000 |       0.000 |      0.000 |       NA    | Unspecified | NA         |
| Vcco12    |       1.200 |     0.000 |       0.000 |      0.000 |       NA    | Unspecified | NA         |
| Vccaux_io |       1.800 |     0.000 |       0.000 |      0.000 |       NA    | Unspecified | NA         |
| Vccbram   |       1.000 |     0.001 |       0.000 |      0.001 |       NA    | Unspecified | NA         |
| Vccadc    |       1.800 |     0.020 |       0.000 |      0.020 |       NA    | Unspecified | NA         |
+-----------+-------------+-----------+-------------+------------+-------------+-------------+------------+


1.3 Confidence Level
--------------------

+-----------------------------+------------+-------------------------------------------------------+------------------------------------------------------------------------------------------------------------+
| User Input Data             | Confidence | Details                                               | Action                                                                                                     |
+-----------------------------+------------+-------------------------------------------------------+------------------------------------------------------------------------------------------------------------+
| Design implementation state | High       | Design is routed                                      |                                                                                                            |
| Clock nodes activity        | High       | User specified more than 95% of clocks                |                                                                                                            |
| I/O nodes activity          | Medium     | More than 5% of inputs are missing user specification | Provide missing input activity with simulation results or by editing the "By Resource Type -> I/Os" view   |
| Internal nodes activity     | Medium     | User specified less than 25% of internal nodes        | Provide missing internal nodes activity with simulation results or by editing the "By Resource Type" views |
| Device models               | High       | Device models are Production                          |                                                                                                            |
|                             |            |                                                       |                                                                                                            |
| Overall confidence level    | Medium     |                                                       |                                                                                                            |
+-----------------------------+------------+-------------------------------------------------------+------------------------------------------------------------------------------------------------------------+


2. Settings
-----------

2.1 Environment
---------------

+-----------------------+--------------------------+
| Ambient Temp (C)      | 25.0                     |
| ThetaJA (C/W)         | 2.4                      |
| Airflow (LFM)         | 250                      |
| Heat Sink             | medium (Medium Profile)  |
| ThetaSA (C/W)         | 2.8                      |
| Board Selection       | medium (10"x10")         |
| # of Board Layers     | 12to15 (12 to 15 Layers) |
| Board Temperature (C) | 25.0                     |
+-----------------------+--------------------------+


2.2 Clock Constraints
---------------------

+-------+--------+-----------------+
| Clock | Domain | Constraint (ns) |
+-------+--------+-----------------+
| CC1   | clk    |            15.0 |
| CC2   | clk    |            15.0 |
| CC3   | clk    |            15.0 |
+-------+--------+-----------------+


3. Detailed Reports
-------------------

3.1 By Hierarchy
----------------

+------------------------+-----------+
| Name                   | Power (W) |
+------------------------+-----------+
| MIPSpipeline           |     0.364 |
|   EXMEM_ALUResult      |     0.156 |
|     bit0               |     0.018 |
|       DFF0             |     0.018 |
|     bit1               |     0.017 |
|       DFF0             |     0.017 |
|     bit2               |     0.028 |
|       DFF0             |     0.028 |
|     bit3               |     0.025 |
|       DFF0             |     0.025 |
|     bit4               |     0.010 |
|       DFF0             |     0.010 |
|     bit5               |     0.019 |
|       DFF0             |     0.019 |
|     bit6               |     0.010 |
|       DFF0             |     0.010 |
|     bit7               |     0.009 |
|       DFF0             |     0.009 |
|     bit8               |     0.011 |
|       DFF0             |     0.011 |
|     bit9               |     0.008 |
|       DFF0             |     0.008 |
|   EXMEM_WriteDataOfMem |     0.097 |
|     bit0               |     0.001 |
|       DFF0             |     0.001 |
|     bit1               |     0.001 |
|       DFF0             |     0.001 |
|     bit10              |     0.002 |
|       DFF0             |     0.002 |
|     bit11              |     0.002 |
|       DFF0             |     0.002 |
|     bit12              |     0.002 |
|       DFF0             |     0.002 |
|     bit13              |     0.002 |
|       DFF0             |     0.002 |
|     bit14              |     0.002 |
|       DFF0             |     0.002 |
|     bit15              |     0.002 |
|       DFF0             |     0.002 |
|     bit16              |     0.001 |
|       DFF0             |     0.001 |
|     bit17              |     0.001 |
|       DFF0             |     0.001 |
|     bit18              |     0.001 |
|       DFF0             |     0.001 |
|     bit19              |     0.001 |
|       DFF0             |     0.001 |
|     bit2               |     0.001 |
|       DFF0             |     0.001 |
|     bit20              |     0.001 |
|       DFF0             |     0.001 |
|     bit21              |     0.001 |
|       DFF0             |     0.001 |
|     bit22              |     0.001 |
|       DFF0             |     0.001 |
|     bit23              |     0.001 |
|       DFF0             |     0.001 |
|     bit24              |     0.008 |
|       DFF0             |     0.008 |
|     bit25              |     0.008 |
|       DFF0             |     0.008 |
|     bit26              |     0.008 |
|       DFF0             |     0.008 |
|     bit27              |     0.007 |
|       DFF0             |     0.007 |
|     bit28              |     0.008 |
|       DFF0             |     0.008 |
|     bit29              |     0.008 |
|       DFF0             |     0.008 |
|     bit3               |     0.001 |
|       DFF0             |     0.001 |
|     bit30              |     0.008 |
|       DFF0             |     0.008 |
|     bit31              |     0.008 |
|       DFF0             |     0.008 |
|     bit4               |     0.001 |
|       DFF0             |     0.001 |
|     bit5               |     0.001 |
|       DFF0             |     0.001 |
|     bit6               |     0.001 |
|       DFF0             |     0.001 |
|     bit7               |     0.001 |
|       DFF0             |     0.001 |
|     bit8               |     0.002 |
|       DFF0             |     0.002 |
|     bit9               |     0.002 |
|       DFF0             |     0.002 |
|   IDEX_rs_rt_rd        |     0.004 |
|     bit25              |     0.003 |
|       DFF0             |     0.003 |
|   IFID_Instruction     |     0.001 |
|   MEMWB_ReadDataOfMem  |     0.002 |
|   Register_File        |     0.003 |
|     Mux1               |     0.001 |
|   dataMem1             |     0.092 |
+------------------------+-----------+


