Copyright 1986-2020 Xilinx, Inc. All Rights Reserved.
--------------------------------------------------------------------------------------------------------------------------------------------------------------------------
| Tool Version : Vivado v.2020.2 (win64) Build 3064766 Wed Nov 18 09:12:45 MST 2020
| Date         : Tue Jan 18 12:31:44 2022
| Host         : Samuels running 64-bit major release  (build 9200)
| Command      : report_methodology -file MIPSpipeline_methodology_drc_routed.rpt -pb MIPSpipeline_methodology_drc_routed.pb -rpx MIPSpipeline_methodology_drc_routed.rpx
| Design       : MIPSpipeline
| Device       : xc7s100fgga676-2
| Speed File   : -2
| Design State : Fully Routed
--------------------------------------------------------------------------------------------------------------------------------------------------------------------------

Report Methodology

Table of Contents
-----------------
1. REPORT SUMMARY
2. REPORT DETAILS

1. REPORT SUMMARY
-----------------
            Netlist: netlist
          Floorplan: design_1
      Design limits: <entire design considered>
             Max violations: <unlimited>
             Violations found: 9
+-----------+----------+-------------------------------+------------+
| Rule      | Severity | Description                   | Violations |
+-----------+----------+-------------------------------+------------+
| TIMING-18 | Warning  | Missing input or output delay | 9          |
+-----------+----------+-------------------------------+------------+

2. REPORT DETAILS
-----------------
TIMING-18#1 Warning
Missing input or output delay  
An input delay is missing on reset relative to clock(s) CC1, CC2, CC3
Related violations: <none>

TIMING-18#2 Warning
Missing input or output delay  
An output delay is missing on CarryFlag relative to clock(s) CC1, CC2, CC3
Related violations: <none>

TIMING-18#3 Warning
Missing input or output delay  
An output delay is missing on JRControl relative to clock(s) CC1, CC2, CC3
Related violations: <none>

TIMING-18#4 Warning
Missing input or output delay  
An output delay is missing on JumpControl relative to clock(s) CC1, CC2, CC3
Related violations: <none>

TIMING-18#5 Warning
Missing input or output delay  
An output delay is missing on JumpFlush relative to clock(s) CC1, CC2, CC3
Related violations: <none>

TIMING-18#6 Warning
Missing input or output delay  
An output delay is missing on NegativeFlag relative to clock(s) CC1, CC2, CC3
Related violations: <none>

TIMING-18#7 Warning
Missing input or output delay  
An output delay is missing on OverflowFlag relative to clock(s) CC1, CC2, CC3
Related violations: <none>

TIMING-18#8 Warning
Missing input or output delay  
An output delay is missing on ZeroFlag relative to clock(s) CC1, CC2, CC3
Related violations: <none>

TIMING-18#9 Warning
Missing input or output delay  
An output delay is missing on notZeroFlag relative to clock(s) CC1, CC2, CC3
Related violations: <none>


