Vivado Simulator 2020.2
Copyright 1986-1999, 2001-2020 Xilinx, Inc. All Rights Reserved.
Running: E:/SOFTWAREs/XilinxVivado/Vivado/2020.2/bin/unwrapped/win64.o/xelab.exe -wto fdbe9ff532be41138437c9414e3eaad5 --incr --debug typical --relax --mt 2 --maxdelay -L xil_defaultlib -L simprims_ver -L secureip --snapshot MIPSpipeline_time_synth -transport_int_delays -pulse_r 0 -pulse_int_r 0 -pulse_e 0 -pulse_int_e 0 xil_defaultlib.MIPSpipeline xil_defaultlib.glbl -log elaborate.log 
Using 2 slave threads.
Starting static elaboration
Pass Through NonSizing Optimizer
Completed static elaboration
Starting simulation data flow analysis
Completed simulation data flow analysis
INFO: [XSIM 43-3451] SDF backannotation process started with SDF file "MIPSpipeline_time_synth.sdf", for root module "MIPSpipeline".
INFO: [XSIM 43-3452] SDF backannotation was successful for SDF file "MIPSpipeline_time_synth.sdf", for root module "MIPSpipeline".
Time Resolution for simulation is 1ps
Compiling module simprims_ver.OBUF
Compiling module simprims_ver.LUT6
Compiling module simprims_ver.LUT4
Compiling module simprims_ver.LUT5
Compiling module simprims_ver.x_lut2_mux4
Compiling module simprims_ver.LUT2
Compiling module simprims_ver.x_lut3_mux8
Compiling module simprims_ver.LUT3
Compiling module simprims_ver.FDCE_default
Compiling module xil_defaultlib.D_FF_1589
Compiling module xil_defaultlib.RegBit_1526
Compiling module xil_defaultlib.D_FF_1588
Compiling module xil_defaultlib.RegBit_1527
Compiling module xil_defaultlib.D_FF_1587
Compiling module xil_defaultlib.RegBit_1528
Compiling module xil_defaultlib.D_FF_1586
Compiling module xil_defaultlib.RegBit_1529
Compiling module xil_defaultlib.D_FF_1585
Compiling module xil_defaultlib.RegBit_1530
Compiling module xil_defaultlib.D_FF_1584
Compiling module xil_defaultlib.RegBit_1531
Compiling module xil_defaultlib.D_FF_1583
Compiling module xil_defaultlib.RegBit_1532
Compiling module xil_defaultlib.D_FF_1582
Compiling module xil_defaultlib.RegBit_1533
Compiling module xil_defaultlib.D_FF_1581
Compiling module xil_defaultlib.RegBit_1534
Compiling module xil_defaultlib.D_FF_1580
Compiling module xil_defaultlib.RegBit_1535
Compiling module xil_defaultlib.D_FF_1579
Compiling module xil_defaultlib.RegBit_1536
Compiling module xil_defaultlib.D_FF_1578
Compiling module xil_defaultlib.RegBit_1537
Compiling module xil_defaultlib.D_FF_1577
Compiling module xil_defaultlib.RegBit_1538
Compiling module xil_defaultlib.D_FF_1576
Compiling module xil_defaultlib.RegBit_1539
Compiling module xil_defaultlib.D_FF_1575
Compiling module xil_defaultlib.RegBit_1540
Compiling module xil_defaultlib.D_FF_1574
Compiling module xil_defaultlib.RegBit_1541
Compiling module xil_defaultlib.D_FF_1573
Compiling module xil_defaultlib.RegBit_1542
Compiling module xil_defaultlib.D_FF_1572
Compiling module xil_defaultlib.RegBit_1543
Compiling module xil_defaultlib.D_FF_1571
Compiling module xil_defaultlib.RegBit_1544
Compiling module xil_defaultlib.D_FF_1570
Compiling module xil_defaultlib.RegBit_1545
Compiling module xil_defaultlib.D_FF_1569
Compiling module xil_defaultlib.RegBit_1546
Compiling module xil_defaultlib.D_FF_1568
Compiling module xil_defaultlib.RegBit_1547
Compiling module xil_defaultlib.D_FF_1567
Compiling module xil_defaultlib.RegBit_1548
Compiling module xil_defaultlib.D_FF_1566
Compiling module xil_defaultlib.RegBit_1549
Compiling module xil_defaultlib.D_FF_1565
Compiling module xil_defaultlib.RegBit_1550
Compiling module xil_defaultlib.D_FF_1564
Compiling module xil_defaultlib.RegBit_1551
Compiling module xil_defaultlib.D_FF_1563
Compiling module xil_defaultlib.RegBit_1552
Compiling module xil_defaultlib.D_FF_1562
Compiling module xil_defaultlib.RegBit_1553
Compiling module xil_defaultlib.D_FF_1561
Compiling module xil_defaultlib.RegBit_1554
Compiling module xil_defaultlib.D_FF_1560
Compiling module xil_defaultlib.RegBit_1555
Compiling module xil_defaultlib.D_FF_1559
Compiling module xil_defaultlib.RegBit_1556
Compiling module xil_defaultlib.D_FF_1558
Compiling module xil_defaultlib.RegBit_1557
Compiling module xil_defaultlib.register
Compiling module xil_defaultlib.D_FF_1525
Compiling module xil_defaultlib.RegBit
Compiling module xil_defaultlib.D_FF_1524
Compiling module xil_defaultlib.RegBit_0
Compiling module xil_defaultlib.D_FF_1523
Compiling module xil_defaultlib.RegBit_1
Compiling module xil_defaultlib.D_FF_1522
Compiling module xil_defaultlib.RegBit_1459
Compiling module xil_defaultlib.D_FF_1521
Compiling module xil_defaultlib.RegBit_1460
Compiling module xil_defaultlib.D_FF_1520
Compiling module xil_defaultlib.RegBit_1461
Compiling module xil_defaultlib.D_FF_1519
Compiling module xil_defaultlib.RegBit_1462
Compiling module xil_defaultlib.D_FF_1518
Compiling module xil_defaultlib.RegBit_1463
Compiling module xil_defaultlib.D_FF_1517
Compiling module xil_defaultlib.RegBit_1464
Compiling module xil_defaultlib.D_FF_1516
Compiling module xil_defaultlib.RegBit_1465
Compiling module xil_defaultlib.D_FF_1515
Compiling module xil_defaultlib.RegBit_1466
Compiling module xil_defaultlib.D_FF_1514
Compiling module xil_defaultlib.RegBit_1467
Compiling module xil_defaultlib.D_FF_1513
Compiling module xil_defaultlib.RegBit_1468
Compiling module xil_defaultlib.D_FF_1512
Compiling module xil_defaultlib.RegBit_1469
Compiling module xil_defaultlib.D_FF_1511
Compiling module xil_defaultlib.RegBit_1470
Compiling module xil_defaultlib.D_FF_1510
Compiling module xil_defaultlib.RegBit_1471
Compiling module xil_defaultlib.D_FF_1509
Compiling module xil_defaultlib.RegBit_1472
Compiling module xil_defaultlib.D_FF_1508
Compiling module xil_defaultlib.RegBit_1473
Compiling module xil_defaultlib.D_FF_1507
Compiling module xil_defaultlib.RegBit_1474
Compiling module xil_defaultlib.D_FF_1506
Compiling module xil_defaultlib.RegBit_1475
Compiling module xil_defaultlib.D_FF_1505
Compiling module xil_defaultlib.RegBit_1476
Compiling module xil_defaultlib.D_FF_1504
Compiling module xil_defaultlib.RegBit_1477
Compiling module xil_defaultlib.D_FF_1503
Compiling module xil_defaultlib.RegBit_1478
Compiling module xil_defaultlib.D_FF_1502
Compiling module xil_defaultlib.RegBit_1479
Compiling module xil_defaultlib.D_FF_1501
Compiling module xil_defaultlib.RegBit_1480
Compiling module xil_defaultlib.D_FF_1500
Compiling module xil_defaultlib.RegBit_1481
Compiling module xil_defaultlib.D_FF_1499
Compiling module xil_defaultlib.RegBit_1482
Compiling module xil_defaultlib.D_FF_1498
Compiling module xil_defaultlib.RegBit_1483
Compiling module xil_defaultlib.D_FF_1497
Compiling module xil_defaultlib.RegBit_1484
Compiling module xil_defaultlib.D_FF_1496
Compiling module xil_defaultlib.RegBit_1485
Compiling module xil_defaultlib.D_FF_1495
Compiling module xil_defaultlib.RegBit_1486
Compiling module xil_defaultlib.D_FF_1494
Compiling module xil_defaultlib.RegBit_1487
Compiling module xil_defaultlib.D_FF_1493
Compiling module xil_defaultlib.RegBit_1488
Compiling module xil_defaultlib.D_FF_1492
Compiling module xil_defaultlib.RegBit_1489
Compiling module xil_defaultlib.D_FF_1491
Compiling module xil_defaultlib.RegBit_1490
Compiling module xil_defaultlib.register_2
Compiling module xil_defaultlib.D_FF_1458
Compiling module xil_defaultlib.RegBit_3
Compiling module xil_defaultlib.D_FF_1457
Compiling module xil_defaultlib.RegBit_4
Compiling module xil_defaultlib.D_FF_1456
Compiling module xil_defaultlib.RegBit_5
Compiling module xil_defaultlib.D_FF_1455
Compiling module xil_defaultlib.RegBit_6
Compiling module xil_defaultlib.D_FF_1454
Compiling module xil_defaultlib.RegBit_7
Compiling module xil_defaultlib.D_FF_1453
Compiling module xil_defaultlib.RegBit_8
Compiling module xil_defaultlib.D_FF_1452
Compiling module xil_defaultlib.RegBit_9
Compiling module xil_defaultlib.D_FF_1451
Compiling module xil_defaultlib.RegBit_10
Compiling module xil_defaultlib.D_FF_1450
Compiling module xil_defaultlib.RegBit_11
Compiling module xil_defaultlib.D_FF_1449
Compiling module xil_defaultlib.RegBit_1428
Compiling module xil_defaultlib.D_FF_1448
Compiling module xil_defaultlib.RegBit_1429
Compiling module xil_defaultlib.D_FF_1447
Compiling module xil_defaultlib.RegBit_1430
Compiling module xil_defaultlib.D_FF_1446
Compiling module xil_defaultlib.RegBit_1431
Compiling module xil_defaultlib.D_FF_1445
Compiling module xil_defaultlib.RegBit_1432
Compiling module xil_defaultlib.D_FF_1444
Compiling module xil_defaultlib.RegBit_1433
Compiling module xil_defaultlib.D_FF_1443
Compiling module xil_defaultlib.RegBit_1434
Compiling module xil_defaultlib.D_FF_1442
Compiling module xil_defaultlib.RegBit_1435
Compiling module xil_defaultlib.D_FF_1441
Compiling module xil_defaultlib.RegBit_1436
Compiling module xil_defaultlib.D_FF_1440
Compiling module xil_defaultlib.RegBit_1437
Compiling module xil_defaultlib.D_FF_1439
Compiling module xil_defaultlib.RegBit_1438
Compiling module xil_defaultlib.register_12
Compiling module xil_defaultlib.D_FF_1427
Compiling module xil_defaultlib.RegBit_13
Compiling module xil_defaultlib.D_FF_1426
Compiling module xil_defaultlib.RegBit_14
Compiling module xil_defaultlib.D_FF_1425
Compiling module xil_defaultlib.RegBit_15
Compiling module xil_defaultlib.D_FF_1424
Compiling module xil_defaultlib.RegBit_16
Compiling module xil_defaultlib.D_FF_1423
Compiling module xil_defaultlib.RegBit_1416
Compiling module xil_defaultlib.D_FF_1422
Compiling module xil_defaultlib.RegBit_1417
Compiling module xil_defaultlib.D_FF_1421
Compiling module xil_defaultlib.RegBit_1418
Compiling module xil_defaultlib.D_FF_1420
Compiling module xil_defaultlib.RegBit_1419
Compiling module xil_defaultlib.register_17
Compiling module xil_defaultlib.D_FF_1415
Compiling module xil_defaultlib.RegBit_1352
Compiling module xil_defaultlib.D_FF_1414
Compiling module xil_defaultlib.RegBit_1353
Compiling module xil_defaultlib.D_FF_1413
Compiling module xil_defaultlib.RegBit_1354
Compiling module xil_defaultlib.D_FF_1412
Compiling module xil_defaultlib.RegBit_1355
Compiling module xil_defaultlib.D_FF_1411
Compiling module xil_defaultlib.RegBit_1356
Compiling module xil_defaultlib.D_FF_1410
Compiling module xil_defaultlib.RegBit_1357
Compiling module xil_defaultlib.D_FF_1409
Compiling module xil_defaultlib.RegBit_1358
Compiling module xil_defaultlib.D_FF_1408
Compiling module xil_defaultlib.RegBit_1359
Compiling module xil_defaultlib.D_FF_1407
Compiling module xil_defaultlib.RegBit_1360
Compiling module xil_defaultlib.D_FF_1406
Compiling module xil_defaultlib.RegBit_1361
Compiling module xil_defaultlib.D_FF_1405
Compiling module xil_defaultlib.RegBit_1362
Compiling module xil_defaultlib.D_FF_1404
Compiling module xil_defaultlib.RegBit_1363
Compiling module xil_defaultlib.D_FF_1403
Compiling module xil_defaultlib.RegBit_1364
Compiling module xil_defaultlib.D_FF_1402
Compiling module xil_defaultlib.RegBit_1365
Compiling module xil_defaultlib.D_FF_1401
Compiling module xil_defaultlib.RegBit_1366
Compiling module xil_defaultlib.D_FF_1400
Compiling module xil_defaultlib.RegBit_1367
Compiling module xil_defaultlib.D_FF_1399
Compiling module xil_defaultlib.RegBit_1368
Compiling module xil_defaultlib.D_FF_1398
Compiling module xil_defaultlib.RegBit_1369
Compiling module xil_defaultlib.D_FF_1397
Compiling module xil_defaultlib.RegBit_1370
Compiling module xil_defaultlib.D_FF_1396
Compiling module xil_defaultlib.RegBit_1371
Compiling module xil_defaultlib.D_FF_1395
Compiling module xil_defaultlib.RegBit_1372
Compiling module xil_defaultlib.D_FF_1394
Compiling module xil_defaultlib.RegBit_1373
Compiling module xil_defaultlib.D_FF_1393
Compiling module xil_defaultlib.RegBit_1374
Compiling module xil_defaultlib.D_FF_1392
Compiling module xil_defaultlib.RegBit_1375
Compiling module xil_defaultlib.D_FF_1391
Compiling module xil_defaultlib.RegBit_1376
Compiling module xil_defaultlib.D_FF_1390
Compiling module xil_defaultlib.RegBit_1377
Compiling module xil_defaultlib.D_FF_1389
Compiling module xil_defaultlib.RegBit_1378
Compiling module xil_defaultlib.D_FF_1388
Compiling module xil_defaultlib.RegBit_1379
Compiling module xil_defaultlib.D_FF_1387
Compiling module xil_defaultlib.RegBit_1380
Compiling module xil_defaultlib.D_FF_1386
Compiling module xil_defaultlib.RegBit_1381
Compiling module xil_defaultlib.D_FF_1385
Compiling module xil_defaultlib.RegBit_1382
Compiling module xil_defaultlib.D_FF_1384
Compiling module xil_defaultlib.RegBit_1383
Compiling module xil_defaultlib.register_18
Compiling module xil_defaultlib.D_FF_1351
Compiling module xil_defaultlib.RegBit_1288
Compiling module xil_defaultlib.D_FF_1350
Compiling module xil_defaultlib.RegBit_1289
Compiling module xil_defaultlib.D_FF_1349
Compiling module xil_defaultlib.RegBit_1290
Compiling module xil_defaultlib.D_FF_1348
Compiling module xil_defaultlib.RegBit_1291
Compiling module xil_defaultlib.D_FF_1347
Compiling module xil_defaultlib.RegBit_1292
Compiling module xil_defaultlib.D_FF_1346
Compiling module xil_defaultlib.RegBit_1293
Compiling module xil_defaultlib.D_FF_1345
Compiling module xil_defaultlib.RegBit_1294
Compiling module xil_defaultlib.D_FF_1344
Compiling module xil_defaultlib.RegBit_1295
Compiling module xil_defaultlib.D_FF_1343
Compiling module xil_defaultlib.RegBit_1296
Compiling module xil_defaultlib.D_FF_1342
Compiling module xil_defaultlib.RegBit_1297
Compiling module xil_defaultlib.D_FF_1341
Compiling module xil_defaultlib.RegBit_1298
Compiling module xil_defaultlib.D_FF_1340
Compiling module xil_defaultlib.RegBit_1299
Compiling module xil_defaultlib.D_FF_1339
Compiling module xil_defaultlib.RegBit_1300
Compiling module xil_defaultlib.D_FF_1338
Compiling module xil_defaultlib.RegBit_1301
Compiling module xil_defaultlib.D_FF_1337
Compiling module xil_defaultlib.RegBit_1302
Compiling module xil_defaultlib.D_FF_1336
Compiling module xil_defaultlib.RegBit_1303
Compiling module xil_defaultlib.D_FF_1335
Compiling module xil_defaultlib.RegBit_1304
Compiling module xil_defaultlib.D_FF_1334
Compiling module xil_defaultlib.RegBit_1305
Compiling module xil_defaultlib.D_FF_1333
Compiling module xil_defaultlib.RegBit_1306
Compiling module xil_defaultlib.D_FF_1332
Compiling module xil_defaultlib.RegBit_1307
Compiling module xil_defaultlib.D_FF_1331
Compiling module xil_defaultlib.RegBit_1308
Compiling module xil_defaultlib.D_FF_1330
Compiling module xil_defaultlib.RegBit_1309
Compiling module xil_defaultlib.D_FF_1329
Compiling module xil_defaultlib.RegBit_1310
Compiling module xil_defaultlib.D_FF_1328
Compiling module xil_defaultlib.RegBit_1311
Compiling module xil_defaultlib.D_FF_1327
Compiling module xil_defaultlib.RegBit_1312
Compiling module xil_defaultlib.D_FF_1326
Compiling module xil_defaultlib.RegBit_1313
Compiling module xil_defaultlib.D_FF_1325
Compiling module xil_defaultlib.RegBit_1314
Compiling module xil_defaultlib.D_FF_1324
Compiling module xil_defaultlib.RegBit_1315
Compiling module xil_defaultlib.D_FF_1323
Compiling module xil_defaultlib.RegBit_1316
Compiling module xil_defaultlib.D_FF_1322
Compiling module xil_defaultlib.RegBit_1317
Compiling module xil_defaultlib.D_FF_1321
Compiling module xil_defaultlib.RegBit_1318
Compiling module xil_defaultlib.D_FF_1320
Compiling module xil_defaultlib.RegBit_1319
Compiling module xil_defaultlib.register_19
Compiling module xil_defaultlib.D_FF_1287
Compiling module xil_defaultlib.RegBit_20
Compiling module xil_defaultlib.D_FF_1286
Compiling module xil_defaultlib.RegBit_21
Compiling module xil_defaultlib.D_FF_1285
Compiling module xil_defaultlib.RegBit_1270
Compiling module xil_defaultlib.D_FF_1284
Compiling module xil_defaultlib.RegBit_1271
Compiling module xil_defaultlib.D_FF_1283
Compiling module xil_defaultlib.RegBit_1272
Compiling module xil_defaultlib.D_FF_1282
Compiling module xil_defaultlib.RegBit_1273
Compiling module xil_defaultlib.D_FF_1281
Compiling module xil_defaultlib.RegBit_1274
Compiling module xil_defaultlib.D_FF_1280
Compiling module xil_defaultlib.RegBit_1275
Compiling module xil_defaultlib.D_FF_1279
Compiling module xil_defaultlib.RegBit_1276
Compiling module simprims_ver.x_lut1_mux2
Compiling module simprims_ver.LUT1
Compiling module xil_defaultlib.D_FF_1278
Compiling module xil_defaultlib.RegBit_1277
Compiling module xil_defaultlib.register_22
Compiling module xil_defaultlib.D_FF_1269
Compiling module xil_defaultlib.RegBit_1226
Compiling module xil_defaultlib.D_FF_1268
Compiling module xil_defaultlib.RegBit_1227
Compiling module xil_defaultlib.D_FF_1267
Compiling module xil_defaultlib.RegBit_1228
Compiling module xil_defaultlib.D_FF_1266
Compiling module xil_defaultlib.RegBit_1229
Compiling module xil_defaultlib.D_FF_1265
Compiling module xil_defaultlib.RegBit_1230
Compiling module xil_defaultlib.D_FF_1264
Compiling module xil_defaultlib.RegBit_1231
Compiling module xil_defaultlib.D_FF_1263
Compiling module xil_defaultlib.RegBit_1232
Compiling module xil_defaultlib.D_FF_1262
Compiling module xil_defaultlib.RegBit_1233
Compiling module xil_defaultlib.D_FF_1261
Compiling module xil_defaultlib.RegBit_1234
Compiling module xil_defaultlib.D_FF_1260
Compiling module xil_defaultlib.RegBit_1235
Compiling module xil_defaultlib.D_FF_1259
Compiling module xil_defaultlib.RegBit_1236
Compiling module xil_defaultlib.D_FF_1258
Compiling module xil_defaultlib.RegBit_1237
Compiling module xil_defaultlib.D_FF_1257
Compiling module xil_defaultlib.RegBit_1238
Compiling module xil_defaultlib.D_FF_1256
Compiling module xil_defaultlib.RegBit_1239
Compiling module xil_defaultlib.D_FF_1255
Compiling module xil_defaultlib.RegBit_1240
Compiling module xil_defaultlib.D_FF_1254
Compiling module xil_defaultlib.RegBit_1241
Compiling module xil_defaultlib.D_FF_1253
Compiling module xil_defaultlib.RegBit_1242
Compiling module xil_defaultlib.D_FF_1252
Compiling module xil_defaultlib.RegBit_1243
Compiling module xil_defaultlib.D_FF_1251
Compiling module xil_defaultlib.RegBit_1244
Compiling module xil_defaultlib.D_FF_1250
Compiling module xil_defaultlib.RegBit_1245
Compiling module xil_defaultlib.D_FF_1249
Compiling module xil_defaultlib.RegBit_1246
Compiling module xil_defaultlib.D_FF_1248
Compiling module xil_defaultlib.RegBit_1247
Compiling module xil_defaultlib.register_23
Compiling module xil_defaultlib.D_FF_1225
Compiling module xil_defaultlib.RegBit_1218
Compiling module xil_defaultlib.D_FF_1224
Compiling module xil_defaultlib.RegBit_1219
Compiling module xil_defaultlib.D_FF_1223
Compiling module xil_defaultlib.RegBit_1220
Compiling module xil_defaultlib.D_FF_1222
Compiling module xil_defaultlib.RegBit_1221
Compiling module xil_defaultlib.register_24
Compiling module xil_defaultlib.D_FF_1217
Compiling module xil_defaultlib.RegBit_25
Compiling module xil_defaultlib.D_FF_1216
Compiling module xil_defaultlib.RegBit_1153
Compiling module xil_defaultlib.D_FF_1215
Compiling module xil_defaultlib.RegBit_1154
Compiling module xil_defaultlib.D_FF_1214
Compiling module xil_defaultlib.RegBit_1155
Compiling module xil_defaultlib.D_FF_1213
Compiling module xil_defaultlib.RegBit_1156
Compiling module xil_defaultlib.D_FF_1212
Compiling module xil_defaultlib.RegBit_1157
Compiling module xil_defaultlib.D_FF_1211
Compiling module xil_defaultlib.RegBit_1158
Compiling module xil_defaultlib.D_FF_1210
Compiling module xil_defaultlib.RegBit_1159
Compiling module xil_defaultlib.D_FF_1209
Compiling module xil_defaultlib.RegBit_1160
Compiling module xil_defaultlib.D_FF_1208
Compiling module xil_defaultlib.RegBit_1161
Compiling module xil_defaultlib.D_FF_1207
Compiling module xil_defaultlib.RegBit_1162
Compiling module xil_defaultlib.D_FF_1206
Compiling module xil_defaultlib.RegBit_1163
Compiling module xil_defaultlib.D_FF_1205
Compiling module xil_defaultlib.RegBit_1164
Compiling module xil_defaultlib.D_FF_1204
Compiling module xil_defaultlib.RegBit_1165
Compiling module xil_defaultlib.D_FF_1203
Compiling module xil_defaultlib.RegBit_1166
Compiling module xil_defaultlib.D_FF_1202
Compiling module xil_defaultlib.RegBit_1167
Compiling module xil_defaultlib.D_FF_1201
Compiling module xil_defaultlib.RegBit_1168
Compiling module xil_defaultlib.D_FF_1200
Compiling module xil_defaultlib.RegBit_1169
Compiling module xil_defaultlib.D_FF_1199
Compiling module xil_defaultlib.RegBit_1170
Compiling module xil_defaultlib.D_FF_1198
Compiling module xil_defaultlib.RegBit_1171
Compiling module xil_defaultlib.D_FF_1197
Compiling module xil_defaultlib.RegBit_1172
Compiling module xil_defaultlib.D_FF_1196
Compiling module xil_defaultlib.RegBit_1173
Compiling module xil_defaultlib.D_FF_1195
Compiling module xil_defaultlib.RegBit_1174
Compiling module xil_defaultlib.D_FF_1194
Compiling module xil_defaultlib.RegBit_1175
Compiling module xil_defaultlib.D_FF_1193
Compiling module xil_defaultlib.RegBit_1176
Compiling module xil_defaultlib.D_FF_1192
Compiling module xil_defaultlib.RegBit_1177
Compiling module xil_defaultlib.D_FF_1191
Compiling module xil_defaultlib.RegBit_1178
Compiling module xil_defaultlib.D_FF_1190
Compiling module xil_defaultlib.RegBit_1179
Compiling module xil_defaultlib.D_FF_1189
Compiling module xil_defaultlib.RegBit_1180
Compiling module xil_defaultlib.D_FF_1188
Compiling module xil_defaultlib.RegBit_1181
Compiling module xil_defaultlib.D_FF_1187
Compiling module xil_defaultlib.RegBit_1182
Compiling module xil_defaultlib.D_FF_1186
Compiling module xil_defaultlib.RegBit_1183
Compiling module xil_defaultlib.D_FF_1185
Compiling module xil_defaultlib.RegBit_1184
Compiling module xil_defaultlib.register_26
Compiling module xil_defaultlib.D_FF_1152
Compiling module xil_defaultlib.RegBit_27
Compiling module xil_defaultlib.D_FF_1151
Compiling module xil_defaultlib.RegBit_1088
Compiling module xil_defaultlib.D_FF_1150
Compiling module xil_defaultlib.RegBit_1089
Compiling module xil_defaultlib.D_FF_1149
Compiling module xil_defaultlib.RegBit_1090
Compiling module xil_defaultlib.D_FF_1148
Compiling module xil_defaultlib.RegBit_1091
Compiling module xil_defaultlib.D_FF_1147
Compiling module xil_defaultlib.RegBit_1092
Compiling module xil_defaultlib.D_FF_1146
Compiling module xil_defaultlib.RegBit_1093
Compiling module xil_defaultlib.D_FF_1145
Compiling module xil_defaultlib.RegBit_1094
Compiling module xil_defaultlib.D_FF_1144
Compiling module xil_defaultlib.RegBit_1095
Compiling module xil_defaultlib.D_FF_1143
Compiling module xil_defaultlib.RegBit_1096
Compiling module xil_defaultlib.D_FF_1142
Compiling module xil_defaultlib.RegBit_1097
Compiling module xil_defaultlib.D_FF_1141
Compiling module xil_defaultlib.RegBit_1098
Compiling module xil_defaultlib.D_FF_1140
Compiling module xil_defaultlib.RegBit_1099
Compiling module xil_defaultlib.D_FF_1139
Compiling module xil_defaultlib.RegBit_1100
Compiling module xil_defaultlib.D_FF_1138
Compiling module xil_defaultlib.RegBit_1101
Compiling module xil_defaultlib.D_FF_1137
Compiling module xil_defaultlib.RegBit_1102
Compiling module xil_defaultlib.D_FF_1136
Compiling module xil_defaultlib.RegBit_1103
Compiling module xil_defaultlib.D_FF_1135
Compiling module xil_defaultlib.RegBit_1104
Compiling module xil_defaultlib.D_FF_1134
Compiling module xil_defaultlib.RegBit_1105
Compiling module xil_defaultlib.D_FF_1133
Compiling module xil_defaultlib.RegBit_1106
Compiling module xil_defaultlib.D_FF_1132
Compiling module xil_defaultlib.RegBit_1107
Compiling module xil_defaultlib.D_FF_1131
Compiling module xil_defaultlib.RegBit_1108
Compiling module xil_defaultlib.D_FF_1130
Compiling module xil_defaultlib.RegBit_1109
Compiling module xil_defaultlib.D_FF_1129
Compiling module xil_defaultlib.RegBit_1110
Compiling module xil_defaultlib.D_FF_1128
Compiling module xil_defaultlib.RegBit_1111
Compiling module xil_defaultlib.D_FF_1127
Compiling module xil_defaultlib.RegBit_1112
Compiling module xil_defaultlib.D_FF_1126
Compiling module xil_defaultlib.RegBit_1113
Compiling module xil_defaultlib.D_FF_1125
Compiling module xil_defaultlib.RegBit_1114
Compiling module xil_defaultlib.D_FF_1124
Compiling module xil_defaultlib.RegBit_1115
Compiling module xil_defaultlib.D_FF_1123
Compiling module xil_defaultlib.RegBit_1116
Compiling module xil_defaultlib.D_FF_1122
Compiling module xil_defaultlib.RegBit_1117
Compiling module xil_defaultlib.D_FF_1121
Compiling module xil_defaultlib.RegBit_1118
Compiling module xil_defaultlib.D_FF_1120
Compiling module xil_defaultlib.RegBit_1119
Compiling module xil_defaultlib.register_28
Compiling module xil_defaultlib.D_FF_1087
Compiling module xil_defaultlib.RegBit_29
Compiling module xil_defaultlib.D_FF_1086
Compiling module xil_defaultlib.RegBit_30
Compiling module xil_defaultlib.D_FF_1085
Compiling module xil_defaultlib.RegBit_31
Compiling module xil_defaultlib.D_FF_1084
Compiling module xil_defaultlib.RegBit_32
Compiling module xil_defaultlib.D_FF_1083
Compiling module xil_defaultlib.RegBit_33
Compiling module xil_defaultlib.D_FF_1082
Compiling module xil_defaultlib.RegBit_34
Compiling module xil_defaultlib.D_FF_1081
Compiling module xil_defaultlib.RegBit_1074
Compiling module xil_defaultlib.D_FF_1080
Compiling module xil_defaultlib.RegBit_1075
Compiling module xil_defaultlib.D_FF_1079
Compiling module xil_defaultlib.RegBit_1076
Compiling module xil_defaultlib.D_FF_1078
Compiling module xil_defaultlib.RegBit_1077
Compiling module xil_defaultlib.register_35
Compiling module xil_defaultlib.mux32to1_1042
Compiling module xil_defaultlib.mux32to1_1043
Compiling module xil_defaultlib.mux32to1_1044
Compiling module xil_defaultlib.mux32to1_1045
Compiling module xil_defaultlib.mux32to1_1046
Compiling module xil_defaultlib.mux32to1_1047
Compiling module xil_defaultlib.mux32to1_1048
Compiling module xil_defaultlib.mux32to1_1049
Compiling module xil_defaultlib.mux32to1_1050
Compiling module xil_defaultlib.mux32to1_1051
Compiling module xil_defaultlib.mux32to1_1052
Compiling module xil_defaultlib.mux32to1_1053
Compiling module xil_defaultlib.mux32to1_1054
Compiling module xil_defaultlib.mux32to1_1055
Compiling module xil_defaultlib.mux32to1_1056
Compiling module xil_defaultlib.mux32to1_1057
Compiling module xil_defaultlib.mux32to1_1058
Compiling module xil_defaultlib.mux32to1_1059
Compiling module xil_defaultlib.mux32to1_1060
Compiling module xil_defaultlib.mux32to1_1061
Compiling module xil_defaultlib.mux32to1_1062
Compiling module xil_defaultlib.mux32to1_1063
Compiling module xil_defaultlib.mux32to1_1064
Compiling module xil_defaultlib.mux32to1_1065
Compiling module xil_defaultlib.mux32to1_1066
Compiling module xil_defaultlib.mux32to1_1067
Compiling module xil_defaultlib.mux32to1_1068
Compiling module xil_defaultlib.mux32to1_1069
Compiling module xil_defaultlib.mux32to1_1070
Compiling module xil_defaultlib.mux32to1_1071
Compiling module xil_defaultlib.mux32to1_1072
Compiling module xil_defaultlib.mux32to1_1073
Compiling module xil_defaultlib.mux32x32to32
Compiling module xil_defaultlib.mux32to1
Compiling module xil_defaultlib.mux32to1_1011
Compiling module xil_defaultlib.mux32to1_1012
Compiling module xil_defaultlib.mux32to1_1013
Compiling module xil_defaultlib.mux32to1_1014
Compiling module xil_defaultlib.mux32to1_1015
Compiling module xil_defaultlib.mux32to1_1016
Compiling module xil_defaultlib.mux32to1_1017
Compiling module xil_defaultlib.mux32to1_1018
Compiling module xil_defaultlib.mux32to1_1019
Compiling module xil_defaultlib.mux32to1_1020
Compiling module xil_defaultlib.mux32to1_1021
Compiling module xil_defaultlib.mux32to1_1022
Compiling module xil_defaultlib.mux32to1_1023
Compiling module xil_defaultlib.mux32to1_1024
Compiling module xil_defaultlib.mux32to1_1025
Compiling module xil_defaultlib.mux32to1_1026
Compiling module xil_defaultlib.mux32to1_1027
Compiling module xil_defaultlib.mux32to1_1028
Compiling module xil_defaultlib.mux32to1_1029
Compiling module xil_defaultlib.mux32to1_1030
Compiling module xil_defaultlib.mux32to1_1031
Compiling module xil_defaultlib.mux32to1_1032
Compiling module xil_defaultlib.mux32to1_1033
Compiling module xil_defaultlib.mux32to1_1034
Compiling module xil_defaultlib.mux32to1_1035
Compiling module xil_defaultlib.mux32to1_1036
Compiling module xil_defaultlib.mux32to1_1037
Compiling module xil_defaultlib.mux32to1_1038
Compiling module xil_defaultlib.mux32to1_1039
Compiling module xil_defaultlib.mux32to1_1040
Compiling module xil_defaultlib.mux32to1_1041
Compiling module xil_defaultlib.mux32x32to32_36
Compiling module xil_defaultlib.D_FF_1010
Compiling module xil_defaultlib.RegBit_947
Compiling module xil_defaultlib.D_FF_1009
Compiling module xil_defaultlib.RegBit_948
Compiling module xil_defaultlib.D_FF_1008
Compiling module xil_defaultlib.RegBit_949
Compiling module xil_defaultlib.D_FF_1007
Compiling module xil_defaultlib.RegBit_950
Compiling module xil_defaultlib.D_FF_1006
Compiling module xil_defaultlib.RegBit_951
Compiling module xil_defaultlib.D_FF_1005
Compiling module xil_defaultlib.RegBit_952
Compiling module xil_defaultlib.D_FF_1004
Compiling module xil_defaultlib.RegBit_953
Compiling module xil_defaultlib.D_FF_1003
Compiling module xil_defaultlib.RegBit_954
Compiling module xil_defaultlib.D_FF_1002
Compiling module xil_defaultlib.RegBit_955
Compiling module xil_defaultlib.D_FF_1001
Compiling module xil_defaultlib.RegBit_956
Compiling module xil_defaultlib.D_FF_1000
Compiling module xil_defaultlib.RegBit_957
Compiling module xil_defaultlib.D_FF_999
Compiling module xil_defaultlib.RegBit_958
Compiling module xil_defaultlib.D_FF_998
Compiling module xil_defaultlib.RegBit_959
Compiling module xil_defaultlib.D_FF_997
Compiling module xil_defaultlib.RegBit_960
Compiling module xil_defaultlib.D_FF_996
Compiling module xil_defaultlib.RegBit_961
Compiling module xil_defaultlib.D_FF_995
Compiling module xil_defaultlib.RegBit_962
Compiling module xil_defaultlib.D_FF_994
Compiling module xil_defaultlib.RegBit_963
Compiling module xil_defaultlib.D_FF_993
Compiling module xil_defaultlib.RegBit_964
Compiling module xil_defaultlib.D_FF_992
Compiling module xil_defaultlib.RegBit_965
Compiling module xil_defaultlib.D_FF_991
Compiling module xil_defaultlib.RegBit_966
Compiling module xil_defaultlib.D_FF_990
Compiling module xil_defaultlib.RegBit_967
Compiling module xil_defaultlib.D_FF_989
Compiling module xil_defaultlib.RegBit_968
Compiling module xil_defaultlib.D_FF_988
Compiling module xil_defaultlib.RegBit_969
Compiling module xil_defaultlib.D_FF_987
Compiling module xil_defaultlib.RegBit_970
Compiling module xil_defaultlib.D_FF_986
Compiling module xil_defaultlib.RegBit_971
Compiling module xil_defaultlib.D_FF_985
Compiling module xil_defaultlib.RegBit_972
Compiling module xil_defaultlib.D_FF_984
Compiling module xil_defaultlib.RegBit_973
Compiling module xil_defaultlib.D_FF_983
Compiling module xil_defaultlib.RegBit_974
Compiling module xil_defaultlib.D_FF_982
Compiling module xil_defaultlib.RegBit_975
Compiling module xil_defaultlib.D_FF_981
Compiling module xil_defaultlib.RegBit_976
Compiling module xil_defaultlib.D_FF_980
Compiling module xil_defaultlib.RegBit_977
Compiling module xil_defaultlib.D_FF_979
Compiling module xil_defaultlib.RegBit_978
Compiling module xil_defaultlib.register_37
Compiling module xil_defaultlib.D_FF_946
Compiling module xil_defaultlib.RegBit_883
Compiling module xil_defaultlib.D_FF_945
Compiling module xil_defaultlib.RegBit_884
Compiling module xil_defaultlib.D_FF_944
Compiling module xil_defaultlib.RegBit_885
Compiling module xil_defaultlib.D_FF_943
Compiling module xil_defaultlib.RegBit_886
Compiling module xil_defaultlib.D_FF_942
Compiling module xil_defaultlib.RegBit_887
Compiling module xil_defaultlib.D_FF_941
Compiling module xil_defaultlib.RegBit_888
Compiling module xil_defaultlib.D_FF_940
Compiling module xil_defaultlib.RegBit_889
Compiling module xil_defaultlib.D_FF_939
Compiling module xil_defaultlib.RegBit_890
Compiling module xil_defaultlib.D_FF_938
Compiling module xil_defaultlib.RegBit_891
Compiling module xil_defaultlib.D_FF_937
Compiling module xil_defaultlib.RegBit_892
Compiling module xil_defaultlib.D_FF_936
Compiling module xil_defaultlib.RegBit_893
Compiling module xil_defaultlib.D_FF_935
Compiling module xil_defaultlib.RegBit_894
Compiling module xil_defaultlib.D_FF_934
Compiling module xil_defaultlib.RegBit_895
Compiling module xil_defaultlib.D_FF_933
Compiling module xil_defaultlib.RegBit_896
Compiling module xil_defaultlib.D_FF_932
Compiling module xil_defaultlib.RegBit_897
Compiling module xil_defaultlib.D_FF_931
Compiling module xil_defaultlib.RegBit_898
Compiling module xil_defaultlib.D_FF_930
Compiling module xil_defaultlib.RegBit_899
Compiling module xil_defaultlib.D_FF_929
Compiling module xil_defaultlib.RegBit_900
Compiling module xil_defaultlib.D_FF_928
Compiling module xil_defaultlib.RegBit_901
Compiling module xil_defaultlib.D_FF_927
Compiling module xil_defaultlib.RegBit_902
Compiling module xil_defaultlib.D_FF_926
Compiling module xil_defaultlib.RegBit_903
Compiling module xil_defaultlib.D_FF_925
Compiling module xil_defaultlib.RegBit_904
Compiling module xil_defaultlib.D_FF_924
Compiling module xil_defaultlib.RegBit_905
Compiling module xil_defaultlib.D_FF_923
Compiling module xil_defaultlib.RegBit_906
Compiling module xil_defaultlib.D_FF_922
Compiling module xil_defaultlib.RegBit_907
Compiling module xil_defaultlib.D_FF_921
Compiling module xil_defaultlib.RegBit_908
Compiling module xil_defaultlib.D_FF_920
Compiling module xil_defaultlib.RegBit_909
Compiling module xil_defaultlib.D_FF_919
Compiling module xil_defaultlib.RegBit_910
Compiling module xil_defaultlib.D_FF_918
Compiling module xil_defaultlib.RegBit_911
Compiling module xil_defaultlib.D_FF_917
Compiling module xil_defaultlib.RegBit_912
Compiling module xil_defaultlib.D_FF_916
Compiling module xil_defaultlib.RegBit_913
Compiling module xil_defaultlib.D_FF_915
Compiling module xil_defaultlib.RegBit_914
Compiling module xil_defaultlib.register_38
Compiling module xil_defaultlib.D_FF_882
Compiling module xil_defaultlib.RegBit_819
Compiling module xil_defaultlib.D_FF_881
Compiling module xil_defaultlib.RegBit_820
Compiling module xil_defaultlib.D_FF_880
Compiling module xil_defaultlib.RegBit_821
Compiling module xil_defaultlib.D_FF_879
Compiling module xil_defaultlib.RegBit_822
Compiling module xil_defaultlib.D_FF_878
Compiling module xil_defaultlib.RegBit_823
Compiling module xil_defaultlib.D_FF_877
Compiling module xil_defaultlib.RegBit_824
Compiling module xil_defaultlib.D_FF_876
Compiling module xil_defaultlib.RegBit_825
Compiling module xil_defaultlib.D_FF_875
Compiling module xil_defaultlib.RegBit_826
Compiling module xil_defaultlib.D_FF_874
Compiling module xil_defaultlib.RegBit_827
Compiling module xil_defaultlib.D_FF_873
Compiling module xil_defaultlib.RegBit_828
Compiling module xil_defaultlib.D_FF_872
Compiling module xil_defaultlib.RegBit_829
Compiling module xil_defaultlib.D_FF_871
Compiling module xil_defaultlib.RegBit_830
Compiling module xil_defaultlib.D_FF_870
Compiling module xil_defaultlib.RegBit_831
Compiling module xil_defaultlib.D_FF_869
Compiling module xil_defaultlib.RegBit_832
Compiling module xil_defaultlib.D_FF_868
Compiling module xil_defaultlib.RegBit_833
Compiling module xil_defaultlib.D_FF_867
Compiling module xil_defaultlib.RegBit_834
Compiling module xil_defaultlib.D_FF_866
Compiling module xil_defaultlib.RegBit_835
Compiling module xil_defaultlib.D_FF_865
Compiling module xil_defaultlib.RegBit_836
Compiling module xil_defaultlib.D_FF_864
Compiling module xil_defaultlib.RegBit_837
Compiling module xil_defaultlib.D_FF_863
Compiling module xil_defaultlib.RegBit_838
Compiling module xil_defaultlib.D_FF_862
Compiling module xil_defaultlib.RegBit_839
Compiling module xil_defaultlib.D_FF_861
Compiling module xil_defaultlib.RegBit_840
Compiling module xil_defaultlib.D_FF_860
Compiling module xil_defaultlib.RegBit_841
Compiling module xil_defaultlib.D_FF_859
Compiling module xil_defaultlib.RegBit_842
Compiling module xil_defaultlib.D_FF_858
Compiling module xil_defaultlib.RegBit_843
Compiling module xil_defaultlib.D_FF_857
Compiling module xil_defaultlib.RegBit_844
Compiling module xil_defaultlib.D_FF_856
Compiling module xil_defaultlib.RegBit_845
Compiling module xil_defaultlib.D_FF_855
Compiling module xil_defaultlib.RegBit_846
Compiling module xil_defaultlib.D_FF_854
Compiling module xil_defaultlib.RegBit_847
Compiling module xil_defaultlib.D_FF_853
Compiling module xil_defaultlib.RegBit_848
Compiling module xil_defaultlib.D_FF_852
Compiling module xil_defaultlib.RegBit_849
Compiling module xil_defaultlib.D_FF_851
Compiling module xil_defaultlib.RegBit_850
Compiling module xil_defaultlib.register_39
Compiling module xil_defaultlib.D_FF_818
Compiling module xil_defaultlib.RegBit_755
Compiling module xil_defaultlib.D_FF_817
Compiling module xil_defaultlib.RegBit_756
Compiling module xil_defaultlib.D_FF_816
Compiling module xil_defaultlib.RegBit_757
Compiling module xil_defaultlib.D_FF_815
Compiling module xil_defaultlib.RegBit_758
Compiling module xil_defaultlib.D_FF_814
Compiling module xil_defaultlib.RegBit_759
Compiling module xil_defaultlib.D_FF_813
Compiling module xil_defaultlib.RegBit_760
Compiling module xil_defaultlib.D_FF_812
Compiling module xil_defaultlib.RegBit_761
Compiling module xil_defaultlib.D_FF_811
Compiling module xil_defaultlib.RegBit_762
Compiling module xil_defaultlib.D_FF_810
Compiling module xil_defaultlib.RegBit_763
Compiling module xil_defaultlib.D_FF_809
Compiling module xil_defaultlib.RegBit_764
Compiling module xil_defaultlib.D_FF_808
Compiling module xil_defaultlib.RegBit_765
Compiling module xil_defaultlib.D_FF_807
Compiling module xil_defaultlib.RegBit_766
Compiling module xil_defaultlib.D_FF_806
Compiling module xil_defaultlib.RegBit_767
Compiling module xil_defaultlib.D_FF_805
Compiling module xil_defaultlib.RegBit_768
Compiling module xil_defaultlib.D_FF_804
Compiling module xil_defaultlib.RegBit_769
Compiling module xil_defaultlib.D_FF_803
Compiling module xil_defaultlib.RegBit_770
Compiling module xil_defaultlib.D_FF_802
Compiling module xil_defaultlib.RegBit_771
Compiling module xil_defaultlib.D_FF_801
Compiling module xil_defaultlib.RegBit_772
Compiling module xil_defaultlib.D_FF_800
Compiling module xil_defaultlib.RegBit_773
Compiling module xil_defaultlib.D_FF_799
Compiling module xil_defaultlib.RegBit_774
Compiling module xil_defaultlib.D_FF_798
Compiling module xil_defaultlib.RegBit_775
Compiling module xil_defaultlib.D_FF_797
Compiling module xil_defaultlib.RegBit_776
Compiling module xil_defaultlib.D_FF_796
Compiling module xil_defaultlib.RegBit_777
Compiling module xil_defaultlib.D_FF_795
Compiling module xil_defaultlib.RegBit_778
Compiling module xil_defaultlib.D_FF_794
Compiling module xil_defaultlib.RegBit_779
Compiling module xil_defaultlib.D_FF_793
Compiling module xil_defaultlib.RegBit_780
Compiling module xil_defaultlib.D_FF_792
Compiling module xil_defaultlib.RegBit_781
Compiling module xil_defaultlib.D_FF_791
Compiling module xil_defaultlib.RegBit_782
Compiling module xil_defaultlib.D_FF_790
Compiling module xil_defaultlib.RegBit_783
Compiling module xil_defaultlib.D_FF_789
Compiling module xil_defaultlib.RegBit_784
Compiling module xil_defaultlib.D_FF_788
Compiling module xil_defaultlib.RegBit_785
Compiling module xil_defaultlib.D_FF_787
Compiling module xil_defaultlib.RegBit_786
Compiling module xil_defaultlib.register_40
Compiling module xil_defaultlib.D_FF_754
Compiling module xil_defaultlib.RegBit_691
Compiling module xil_defaultlib.D_FF_753
Compiling module xil_defaultlib.RegBit_692
Compiling module xil_defaultlib.D_FF_752
Compiling module xil_defaultlib.RegBit_693
Compiling module xil_defaultlib.D_FF_751
Compiling module xil_defaultlib.RegBit_694
Compiling module xil_defaultlib.D_FF_750
Compiling module xil_defaultlib.RegBit_695
Compiling module xil_defaultlib.D_FF_749
Compiling module xil_defaultlib.RegBit_696
Compiling module xil_defaultlib.D_FF_748
Compiling module xil_defaultlib.RegBit_697
Compiling module xil_defaultlib.D_FF_747
Compiling module xil_defaultlib.RegBit_698
Compiling module xil_defaultlib.D_FF_746
Compiling module xil_defaultlib.RegBit_699
Compiling module xil_defaultlib.D_FF_745
Compiling module xil_defaultlib.RegBit_700
Compiling module xil_defaultlib.D_FF_744
Compiling module xil_defaultlib.RegBit_701
Compiling module xil_defaultlib.D_FF_743
Compiling module xil_defaultlib.RegBit_702
Compiling module xil_defaultlib.D_FF_742
Compiling module xil_defaultlib.RegBit_703
Compiling module xil_defaultlib.D_FF_741
Compiling module xil_defaultlib.RegBit_704
Compiling module xil_defaultlib.D_FF_740
Compiling module xil_defaultlib.RegBit_705
Compiling module xil_defaultlib.D_FF_739
Compiling module xil_defaultlib.RegBit_706
Compiling module xil_defaultlib.D_FF_738
Compiling module xil_defaultlib.RegBit_707
Compiling module xil_defaultlib.D_FF_737
Compiling module xil_defaultlib.RegBit_708
Compiling module xil_defaultlib.D_FF_736
Compiling module xil_defaultlib.RegBit_709
Compiling module xil_defaultlib.D_FF_735
Compiling module xil_defaultlib.RegBit_710
Compiling module xil_defaultlib.D_FF_734
Compiling module xil_defaultlib.RegBit_711
Compiling module xil_defaultlib.D_FF_733
Compiling module xil_defaultlib.RegBit_712
Compiling module xil_defaultlib.D_FF_732
Compiling module xil_defaultlib.RegBit_713
Compiling module xil_defaultlib.D_FF_731
Compiling module xil_defaultlib.RegBit_714
Compiling module xil_defaultlib.D_FF_730
Compiling module xil_defaultlib.RegBit_715
Compiling module xil_defaultlib.D_FF_729
Compiling module xil_defaultlib.RegBit_716
Compiling module xil_defaultlib.D_FF_728
Compiling module xil_defaultlib.RegBit_717
Compiling module xil_defaultlib.D_FF_727
Compiling module xil_defaultlib.RegBit_718
Compiling module xil_defaultlib.D_FF_726
Compiling module xil_defaultlib.RegBit_719
Compiling module xil_defaultlib.D_FF_725
Compiling module xil_defaultlib.RegBit_720
Compiling module xil_defaultlib.D_FF_724
Compiling module xil_defaultlib.RegBit_721
Compiling module xil_defaultlib.D_FF_723
Compiling module xil_defaultlib.RegBit_722
Compiling module xil_defaultlib.register_41
Compiling module xil_defaultlib.D_FF_690
Compiling module xil_defaultlib.RegBit_627
Compiling module xil_defaultlib.D_FF_689
Compiling module xil_defaultlib.RegBit_628
Compiling module xil_defaultlib.D_FF_688
Compiling module xil_defaultlib.RegBit_629
Compiling module xil_defaultlib.D_FF_687
Compiling module xil_defaultlib.RegBit_630
Compiling module xil_defaultlib.D_FF_686
Compiling module xil_defaultlib.RegBit_631
Compiling module xil_defaultlib.D_FF_685
Compiling module xil_defaultlib.RegBit_632
Compiling module xil_defaultlib.D_FF_684
Compiling module xil_defaultlib.RegBit_633
Compiling module xil_defaultlib.D_FF_683
Compiling module xil_defaultlib.RegBit_634
Compiling module xil_defaultlib.D_FF_682
Compiling module xil_defaultlib.RegBit_635
Compiling module xil_defaultlib.D_FF_681
Compiling module xil_defaultlib.RegBit_636
Compiling module xil_defaultlib.D_FF_680
Compiling module xil_defaultlib.RegBit_637
Compiling module xil_defaultlib.D_FF_679
Compiling module xil_defaultlib.RegBit_638
Compiling module xil_defaultlib.D_FF_678
Compiling module xil_defaultlib.RegBit_639
Compiling module xil_defaultlib.D_FF_677
Compiling module xil_defaultlib.RegBit_640
Compiling module xil_defaultlib.D_FF_676
Compiling module xil_defaultlib.RegBit_641
Compiling module xil_defaultlib.D_FF_675
Compiling module xil_defaultlib.RegBit_642
Compiling module xil_defaultlib.D_FF_674
Compiling module xil_defaultlib.RegBit_643
Compiling module xil_defaultlib.D_FF_673
Compiling module xil_defaultlib.RegBit_644
Compiling module xil_defaultlib.D_FF_672
Compiling module xil_defaultlib.RegBit_645
Compiling module xil_defaultlib.D_FF_671
Compiling module xil_defaultlib.RegBit_646
Compiling module xil_defaultlib.D_FF_670
Compiling module xil_defaultlib.RegBit_647
Compiling module xil_defaultlib.D_FF_669
Compiling module xil_defaultlib.RegBit_648
Compiling module xil_defaultlib.D_FF_668
Compiling module xil_defaultlib.RegBit_649
Compiling module xil_defaultlib.D_FF_667
Compiling module xil_defaultlib.RegBit_650
Compiling module xil_defaultlib.D_FF_666
Compiling module xil_defaultlib.RegBit_651
Compiling module xil_defaultlib.D_FF_665
Compiling module xil_defaultlib.RegBit_652
Compiling module xil_defaultlib.D_FF_664
Compiling module xil_defaultlib.RegBit_653
Compiling module xil_defaultlib.D_FF_663
Compiling module xil_defaultlib.RegBit_654
Compiling module xil_defaultlib.D_FF_662
Compiling module xil_defaultlib.RegBit_655
Compiling module xil_defaultlib.D_FF_661
Compiling module xil_defaultlib.RegBit_656
Compiling module xil_defaultlib.D_FF_660
Compiling module xil_defaultlib.RegBit_657
Compiling module xil_defaultlib.D_FF_659
Compiling module xil_defaultlib.RegBit_658
Compiling module xil_defaultlib.register_42
Compiling module xil_defaultlib.D_FF_626
Compiling module xil_defaultlib.RegBit_563
Compiling module xil_defaultlib.D_FF_625
Compiling module xil_defaultlib.RegBit_564
Compiling module xil_defaultlib.D_FF_624
Compiling module xil_defaultlib.RegBit_565
Compiling module xil_defaultlib.D_FF_623
Compiling module xil_defaultlib.RegBit_566
Compiling module xil_defaultlib.D_FF_622
Compiling module xil_defaultlib.RegBit_567
Compiling module xil_defaultlib.D_FF_621
Compiling module xil_defaultlib.RegBit_568
Compiling module xil_defaultlib.D_FF_620
Compiling module xil_defaultlib.RegBit_569
Compiling module xil_defaultlib.D_FF_619
Compiling module xil_defaultlib.RegBit_570
Compiling module xil_defaultlib.D_FF_618
Compiling module xil_defaultlib.RegBit_571
Compiling module xil_defaultlib.D_FF_617
Compiling module xil_defaultlib.RegBit_572
Compiling module xil_defaultlib.D_FF_616
Compiling module xil_defaultlib.RegBit_573
Compiling module xil_defaultlib.D_FF_615
Compiling module xil_defaultlib.RegBit_574
Compiling module xil_defaultlib.D_FF_614
Compiling module xil_defaultlib.RegBit_575
Compiling module xil_defaultlib.D_FF_613
Compiling module xil_defaultlib.RegBit_576
Compiling module xil_defaultlib.D_FF_612
Compiling module xil_defaultlib.RegBit_577
Compiling module xil_defaultlib.D_FF_611
Compiling module xil_defaultlib.RegBit_578
Compiling module xil_defaultlib.D_FF_610
Compiling module xil_defaultlib.RegBit_579
Compiling module xil_defaultlib.D_FF_609
Compiling module xil_defaultlib.RegBit_580
Compiling module xil_defaultlib.D_FF_608
Compiling module xil_defaultlib.RegBit_581
Compiling module xil_defaultlib.D_FF_607
Compiling module xil_defaultlib.RegBit_582
Compiling module xil_defaultlib.D_FF_606
Compiling module xil_defaultlib.RegBit_583
Compiling module xil_defaultlib.D_FF_605
Compiling module xil_defaultlib.RegBit_584
Compiling module xil_defaultlib.D_FF_604
Compiling module xil_defaultlib.RegBit_585
Compiling module xil_defaultlib.D_FF_603
Compiling module xil_defaultlib.RegBit_586
Compiling module xil_defaultlib.D_FF_602
Compiling module xil_defaultlib.RegBit_587
Compiling module xil_defaultlib.D_FF_601
Compiling module xil_defaultlib.RegBit_588
Compiling module xil_defaultlib.D_FF_600
Compiling module xil_defaultlib.RegBit_589
Compiling module xil_defaultlib.D_FF_599
Compiling module xil_defaultlib.RegBit_590
Compiling module xil_defaultlib.D_FF_598
Compiling module xil_defaultlib.RegBit_591
Compiling module xil_defaultlib.D_FF_597
Compiling module xil_defaultlib.RegBit_592
Compiling module xil_defaultlib.D_FF_596
Compiling module xil_defaultlib.RegBit_593
Compiling module xil_defaultlib.D_FF_595
Compiling module xil_defaultlib.RegBit_594
Compiling module xil_defaultlib.register_43
Compiling module xil_defaultlib.D_FF_562
Compiling module xil_defaultlib.RegBit_499
Compiling module xil_defaultlib.D_FF_561
Compiling module xil_defaultlib.RegBit_500
Compiling module xil_defaultlib.D_FF_560
Compiling module xil_defaultlib.RegBit_501
Compiling module xil_defaultlib.D_FF_559
Compiling module xil_defaultlib.RegBit_502
Compiling module xil_defaultlib.D_FF_558
Compiling module xil_defaultlib.RegBit_503
Compiling module xil_defaultlib.D_FF_557
Compiling module xil_defaultlib.RegBit_504
Compiling module xil_defaultlib.D_FF_556
Compiling module xil_defaultlib.RegBit_505
Compiling module xil_defaultlib.D_FF_555
Compiling module xil_defaultlib.RegBit_506
Compiling module xil_defaultlib.D_FF_554
Compiling module xil_defaultlib.RegBit_507
Compiling module xil_defaultlib.D_FF_553
Compiling module xil_defaultlib.RegBit_508
Compiling module xil_defaultlib.D_FF_552
Compiling module xil_defaultlib.RegBit_509
Compiling module xil_defaultlib.D_FF_551
Compiling module xil_defaultlib.RegBit_510
Compiling module xil_defaultlib.D_FF_550
Compiling module xil_defaultlib.RegBit_511
Compiling module xil_defaultlib.D_FF_549
Compiling module xil_defaultlib.RegBit_512
Compiling module xil_defaultlib.D_FF_548
Compiling module xil_defaultlib.RegBit_513
Compiling module xil_defaultlib.D_FF_547
Compiling module xil_defaultlib.RegBit_514
Compiling module xil_defaultlib.D_FF_546
Compiling module xil_defaultlib.RegBit_515
Compiling module xil_defaultlib.D_FF_545
Compiling module xil_defaultlib.RegBit_516
Compiling module xil_defaultlib.D_FF_544
Compiling module xil_defaultlib.RegBit_517
Compiling module xil_defaultlib.D_FF_543
Compiling module xil_defaultlib.RegBit_518
Compiling module xil_defaultlib.D_FF_542
Compiling module xil_defaultlib.RegBit_519
Compiling module xil_defaultlib.D_FF_541
Compiling module xil_defaultlib.RegBit_520
Compiling module xil_defaultlib.D_FF_540
Compiling module xil_defaultlib.RegBit_521
Compiling module xil_defaultlib.D_FF_539
Compiling module xil_defaultlib.RegBit_522
Compiling module xil_defaultlib.D_FF_538
Compiling module xil_defaultlib.RegBit_523
Compiling module xil_defaultlib.D_FF_537
Compiling module xil_defaultlib.RegBit_524
Compiling module xil_defaultlib.D_FF_536
Compiling module xil_defaultlib.RegBit_525
Compiling module xil_defaultlib.D_FF_535
Compiling module xil_defaultlib.RegBit_526
Compiling module xil_defaultlib.D_FF_534
Compiling module xil_defaultlib.RegBit_527
Compiling module xil_defaultlib.D_FF_533
Compiling module xil_defaultlib.RegBit_528
Compiling module xil_defaultlib.D_FF_532
Compiling module xil_defaultlib.RegBit_529
Compiling module xil_defaultlib.D_FF_531
Compiling module xil_defaultlib.RegBit_530
Compiling module xil_defaultlib.register_44
Compiling module xil_defaultlib.D_FF_498
Compiling module xil_defaultlib.RegBit_435
Compiling module xil_defaultlib.D_FF_497
Compiling module xil_defaultlib.RegBit_436
Compiling module xil_defaultlib.D_FF_496
Compiling module xil_defaultlib.RegBit_437
Compiling module xil_defaultlib.D_FF_495
Compiling module xil_defaultlib.RegBit_438
Compiling module xil_defaultlib.D_FF_494
Compiling module xil_defaultlib.RegBit_439
Compiling module xil_defaultlib.D_FF_493
Compiling module xil_defaultlib.RegBit_440
Compiling module xil_defaultlib.D_FF_492
Compiling module xil_defaultlib.RegBit_441
Compiling module xil_defaultlib.D_FF_491
Compiling module xil_defaultlib.RegBit_442
Compiling module xil_defaultlib.D_FF_490
Compiling module xil_defaultlib.RegBit_443
Compiling module xil_defaultlib.D_FF_489
Compiling module xil_defaultlib.RegBit_444
Compiling module xil_defaultlib.D_FF_488
Compiling module xil_defaultlib.RegBit_445
Compiling module xil_defaultlib.D_FF_487
Compiling module xil_defaultlib.RegBit_446
Compiling module xil_defaultlib.D_FF_486
Compiling module xil_defaultlib.RegBit_447
Compiling module xil_defaultlib.D_FF_485
Compiling module xil_defaultlib.RegBit_448
Compiling module xil_defaultlib.D_FF_484
Compiling module xil_defaultlib.RegBit_449
Compiling module xil_defaultlib.D_FF_483
Compiling module xil_defaultlib.RegBit_450
Compiling module xil_defaultlib.D_FF_482
Compiling module xil_defaultlib.RegBit_451
Compiling module xil_defaultlib.D_FF_481
Compiling module xil_defaultlib.RegBit_452
Compiling module xil_defaultlib.D_FF_480
Compiling module xil_defaultlib.RegBit_453
Compiling module xil_defaultlib.D_FF_479
Compiling module xil_defaultlib.RegBit_454
Compiling module xil_defaultlib.D_FF_478
Compiling module xil_defaultlib.RegBit_455
Compiling module xil_defaultlib.D_FF_477
Compiling module xil_defaultlib.RegBit_456
Compiling module xil_defaultlib.D_FF_476
Compiling module xil_defaultlib.RegBit_457
Compiling module xil_defaultlib.D_FF_475
Compiling module xil_defaultlib.RegBit_458
Compiling module xil_defaultlib.D_FF_474
Compiling module xil_defaultlib.RegBit_459
Compiling module xil_defaultlib.D_FF_473
Compiling module xil_defaultlib.RegBit_460
Compiling module xil_defaultlib.D_FF_472
Compiling module xil_defaultlib.RegBit_461
Compiling module xil_defaultlib.D_FF_471
Compiling module xil_defaultlib.RegBit_462
Compiling module xil_defaultlib.D_FF_470
Compiling module xil_defaultlib.RegBit_463
Compiling module xil_defaultlib.D_FF_469
Compiling module xil_defaultlib.RegBit_464
Compiling module xil_defaultlib.D_FF_468
Compiling module xil_defaultlib.RegBit_465
Compiling module xil_defaultlib.D_FF_467
Compiling module xil_defaultlib.RegBit_466
Compiling module xil_defaultlib.register_45
Compiling module xil_defaultlib.D_FF_434
Compiling module xil_defaultlib.RegBit_371
Compiling module xil_defaultlib.D_FF_433
Compiling module xil_defaultlib.RegBit_372
Compiling module xil_defaultlib.D_FF_432
Compiling module xil_defaultlib.RegBit_373
Compiling module xil_defaultlib.D_FF_431
Compiling module xil_defaultlib.RegBit_374
Compiling module xil_defaultlib.D_FF_430
Compiling module xil_defaultlib.RegBit_375
Compiling module xil_defaultlib.D_FF_429
Compiling module xil_defaultlib.RegBit_376
Compiling module xil_defaultlib.D_FF_428
Compiling module xil_defaultlib.RegBit_377
Compiling module xil_defaultlib.D_FF_427
Compiling module xil_defaultlib.RegBit_378
Compiling module xil_defaultlib.D_FF_426
Compiling module xil_defaultlib.RegBit_379
Compiling module xil_defaultlib.D_FF_425
Compiling module xil_defaultlib.RegBit_380
Compiling module xil_defaultlib.D_FF_424
Compiling module xil_defaultlib.RegBit_381
Compiling module xil_defaultlib.D_FF_423
Compiling module xil_defaultlib.RegBit_382
Compiling module xil_defaultlib.D_FF_422
Compiling module xil_defaultlib.RegBit_383
Compiling module xil_defaultlib.D_FF_421
Compiling module xil_defaultlib.RegBit_384
Compiling module xil_defaultlib.D_FF_420
Compiling module xil_defaultlib.RegBit_385
Compiling module xil_defaultlib.D_FF_419
Compiling module xil_defaultlib.RegBit_386
Compiling module xil_defaultlib.D_FF_418
Compiling module xil_defaultlib.RegBit_387
Compiling module xil_defaultlib.D_FF_417
Compiling module xil_defaultlib.RegBit_388
Compiling module xil_defaultlib.D_FF_416
Compiling module xil_defaultlib.RegBit_389
Compiling module xil_defaultlib.D_FF_415
Compiling module xil_defaultlib.RegBit_390
Compiling module xil_defaultlib.D_FF_414
Compiling module xil_defaultlib.RegBit_391
Compiling module xil_defaultlib.D_FF_413
Compiling module xil_defaultlib.RegBit_392
Compiling module xil_defaultlib.D_FF_412
Compiling module xil_defaultlib.RegBit_393
Compiling module xil_defaultlib.D_FF_411
Compiling module xil_defaultlib.RegBit_394
Compiling module xil_defaultlib.D_FF_410
Compiling module xil_defaultlib.RegBit_395
Compiling module xil_defaultlib.D_FF_409
Compiling module xil_defaultlib.RegBit_396
Compiling module xil_defaultlib.D_FF_408
Compiling module xil_defaultlib.RegBit_397
Compiling module xil_defaultlib.D_FF_407
Compiling module xil_defaultlib.RegBit_398
Compiling module xil_defaultlib.D_FF_406
Compiling module xil_defaultlib.RegBit_399
Compiling module xil_defaultlib.D_FF_405
Compiling module xil_defaultlib.RegBit_400
Compiling module xil_defaultlib.D_FF_404
Compiling module xil_defaultlib.RegBit_401
Compiling module xil_defaultlib.D_FF_403
Compiling module xil_defaultlib.RegBit_402
Compiling module xil_defaultlib.register_46
Compiling module xil_defaultlib.D_FF_370
Compiling module xil_defaultlib.RegBit_307
Compiling module xil_defaultlib.D_FF_369
Compiling module xil_defaultlib.RegBit_308
Compiling module xil_defaultlib.D_FF_368
Compiling module xil_defaultlib.RegBit_309
Compiling module xil_defaultlib.D_FF_367
Compiling module xil_defaultlib.RegBit_310
Compiling module xil_defaultlib.D_FF_366
Compiling module xil_defaultlib.RegBit_311
Compiling module xil_defaultlib.D_FF_365
Compiling module xil_defaultlib.RegBit_312
Compiling module xil_defaultlib.D_FF_364
Compiling module xil_defaultlib.RegBit_313
Compiling module xil_defaultlib.D_FF_363
Compiling module xil_defaultlib.RegBit_314
Compiling module xil_defaultlib.D_FF_362
Compiling module xil_defaultlib.RegBit_315
Compiling module xil_defaultlib.D_FF_361
Compiling module xil_defaultlib.RegBit_316
Compiling module xil_defaultlib.D_FF_360
Compiling module xil_defaultlib.RegBit_317
Compiling module xil_defaultlib.D_FF_359
Compiling module xil_defaultlib.RegBit_318
Compiling module xil_defaultlib.D_FF_358
Compiling module xil_defaultlib.RegBit_319
Compiling module xil_defaultlib.D_FF_357
Compiling module xil_defaultlib.RegBit_320
Compiling module xil_defaultlib.D_FF_356
Compiling module xil_defaultlib.RegBit_321
Compiling module xil_defaultlib.D_FF_355
Compiling module xil_defaultlib.RegBit_322
Compiling module xil_defaultlib.D_FF_354
Compiling module xil_defaultlib.RegBit_323
Compiling module xil_defaultlib.D_FF_353
Compiling module xil_defaultlib.RegBit_324
Compiling module xil_defaultlib.D_FF_352
Compiling module xil_defaultlib.RegBit_325
Compiling module xil_defaultlib.D_FF_351
Compiling module xil_defaultlib.RegBit_326
Compiling module xil_defaultlib.D_FF_350
Compiling module xil_defaultlib.RegBit_327
Compiling module xil_defaultlib.D_FF_349
Compiling module xil_defaultlib.RegBit_328
Compiling module xil_defaultlib.D_FF_348
Compiling module xil_defaultlib.RegBit_329
Compiling module xil_defaultlib.D_FF_347
Compiling module xil_defaultlib.RegBit_330
Compiling module xil_defaultlib.D_FF_346
Compiling module xil_defaultlib.RegBit_331
Compiling module xil_defaultlib.D_FF_345
Compiling module xil_defaultlib.RegBit_332
Compiling module xil_defaultlib.D_FF_344
Compiling module xil_defaultlib.RegBit_333
Compiling module xil_defaultlib.D_FF_343
Compiling module xil_defaultlib.RegBit_334
Compiling module xil_defaultlib.D_FF_342
Compiling module xil_defaultlib.RegBit_335
Compiling module xil_defaultlib.D_FF_341
Compiling module xil_defaultlib.RegBit_336
Compiling module xil_defaultlib.D_FF_340
Compiling module xil_defaultlib.RegBit_337
Compiling module xil_defaultlib.D_FF_339
Compiling module xil_defaultlib.RegBit_338
Compiling module xil_defaultlib.register_47
Compiling module xil_defaultlib.D_FF_306
Compiling module xil_defaultlib.RegBit_243
Compiling module xil_defaultlib.D_FF_305
Compiling module xil_defaultlib.RegBit_244
Compiling module xil_defaultlib.D_FF_304
Compiling module xil_defaultlib.RegBit_245
Compiling module xil_defaultlib.D_FF_303
Compiling module xil_defaultlib.RegBit_246
Compiling module xil_defaultlib.D_FF_302
Compiling module xil_defaultlib.RegBit_247
Compiling module xil_defaultlib.D_FF_301
Compiling module xil_defaultlib.RegBit_248
Compiling module xil_defaultlib.D_FF_300
Compiling module xil_defaultlib.RegBit_249
Compiling module xil_defaultlib.D_FF_299
Compiling module xil_defaultlib.RegBit_250
Compiling module xil_defaultlib.D_FF_298
Compiling module xil_defaultlib.RegBit_251
Compiling module xil_defaultlib.D_FF_297
Compiling module xil_defaultlib.RegBit_252
Compiling module xil_defaultlib.D_FF_296
Compiling module xil_defaultlib.RegBit_253
Compiling module xil_defaultlib.D_FF_295
Compiling module xil_defaultlib.RegBit_254
Compiling module xil_defaultlib.D_FF_294
Compiling module xil_defaultlib.RegBit_255
Compiling module xil_defaultlib.D_FF_293
Compiling module xil_defaultlib.RegBit_256
Compiling module xil_defaultlib.D_FF_292
Compiling module xil_defaultlib.RegBit_257
Compiling module xil_defaultlib.D_FF_291
Compiling module xil_defaultlib.RegBit_258
Compiling module xil_defaultlib.D_FF_290
Compiling module xil_defaultlib.RegBit_259
Compiling module xil_defaultlib.D_FF_289
Compiling module xil_defaultlib.RegBit_260
Compiling module xil_defaultlib.D_FF_288
Compiling module xil_defaultlib.RegBit_261
Compiling module xil_defaultlib.D_FF_287
Compiling module xil_defaultlib.RegBit_262
Compiling module xil_defaultlib.D_FF_286
Compiling module xil_defaultlib.RegBit_263
Compiling module xil_defaultlib.D_FF_285
Compiling module xil_defaultlib.RegBit_264
Compiling module xil_defaultlib.D_FF_284
Compiling module xil_defaultlib.RegBit_265
Compiling module xil_defaultlib.D_FF_283
Compiling module xil_defaultlib.RegBit_266
Compiling module xil_defaultlib.D_FF_282
Compiling module xil_defaultlib.RegBit_267
Compiling module xil_defaultlib.D_FF_281
Compiling module xil_defaultlib.RegBit_268
Compiling module xil_defaultlib.D_FF_280
Compiling module xil_defaultlib.RegBit_269
Compiling module xil_defaultlib.D_FF_279
Compiling module xil_defaultlib.RegBit_270
Compiling module xil_defaultlib.D_FF_278
Compiling module xil_defaultlib.RegBit_271
Compiling module xil_defaultlib.D_FF_277
Compiling module xil_defaultlib.RegBit_272
Compiling module xil_defaultlib.D_FF_276
Compiling module xil_defaultlib.RegBit_273
Compiling module xil_defaultlib.D_FF_275
Compiling module xil_defaultlib.RegBit_274
Compiling module xil_defaultlib.register_48
Compiling module xil_defaultlib.D_FF_242
Compiling module xil_defaultlib.RegBit_179
Compiling module xil_defaultlib.D_FF_241
Compiling module xil_defaultlib.RegBit_180
Compiling module xil_defaultlib.D_FF_240
Compiling module xil_defaultlib.RegBit_181
Compiling module xil_defaultlib.D_FF_239
Compiling module xil_defaultlib.RegBit_182
Compiling module xil_defaultlib.D_FF_238
Compiling module xil_defaultlib.RegBit_183
Compiling module xil_defaultlib.D_FF_237
Compiling module xil_defaultlib.RegBit_184
Compiling module xil_defaultlib.D_FF_236
Compiling module xil_defaultlib.RegBit_185
Compiling module xil_defaultlib.D_FF_235
Compiling module xil_defaultlib.RegBit_186
Compiling module xil_defaultlib.D_FF_234
Compiling module xil_defaultlib.RegBit_187
Compiling module xil_defaultlib.D_FF_233
Compiling module xil_defaultlib.RegBit_188
Compiling module xil_defaultlib.D_FF_232
Compiling module xil_defaultlib.RegBit_189
Compiling module xil_defaultlib.D_FF_231
Compiling module xil_defaultlib.RegBit_190
Compiling module xil_defaultlib.D_FF_230
Compiling module xil_defaultlib.RegBit_191
Compiling module xil_defaultlib.D_FF_229
Compiling module xil_defaultlib.RegBit_192
Compiling module xil_defaultlib.D_FF_228
Compiling module xil_defaultlib.RegBit_193
Compiling module xil_defaultlib.D_FF_227
Compiling module xil_defaultlib.RegBit_194
Compiling module xil_defaultlib.D_FF_226
Compiling module xil_defaultlib.RegBit_195
Compiling module xil_defaultlib.D_FF_225
Compiling module xil_defaultlib.RegBit_196
Compiling module xil_defaultlib.D_FF_224
Compiling module xil_defaultlib.RegBit_197
Compiling module xil_defaultlib.D_FF_223
Compiling module xil_defaultlib.RegBit_198
Compiling module xil_defaultlib.D_FF_222
Compiling module xil_defaultlib.RegBit_199
Compiling module xil_defaultlib.D_FF_221
Compiling module xil_defaultlib.RegBit_200
Compiling module xil_defaultlib.D_FF_220
Compiling module xil_defaultlib.RegBit_201
Compiling module xil_defaultlib.D_FF_219
Compiling module xil_defaultlib.RegBit_202
Compiling module xil_defaultlib.D_FF_218
Compiling module xil_defaultlib.RegBit_203
Compiling module xil_defaultlib.D_FF_217
Compiling module xil_defaultlib.RegBit_204
Compiling module xil_defaultlib.D_FF_216
Compiling module xil_defaultlib.RegBit_205
Compiling module xil_defaultlib.D_FF_215
Compiling module xil_defaultlib.RegBit_206
Compiling module xil_defaultlib.D_FF_214
Compiling module xil_defaultlib.RegBit_207
Compiling module xil_defaultlib.D_FF_213
Compiling module xil_defaultlib.RegBit_208
Compiling module xil_defaultlib.D_FF_212
Compiling module xil_defaultlib.RegBit_209
Compiling module xil_defaultlib.D_FF_211
Compiling module xil_defaultlib.RegBit_210
Compiling module xil_defaultlib.register_49
Compiling module xil_defaultlib.D_FF_178
Compiling module xil_defaultlib.RegBit_115
Compiling module xil_defaultlib.D_FF_177
Compiling module xil_defaultlib.RegBit_116
Compiling module xil_defaultlib.D_FF_176
Compiling module xil_defaultlib.RegBit_117
Compiling module xil_defaultlib.D_FF_175
Compiling module xil_defaultlib.RegBit_118
Compiling module xil_defaultlib.D_FF_174
Compiling module xil_defaultlib.RegBit_119
Compiling module xil_defaultlib.D_FF_173
Compiling module xil_defaultlib.RegBit_120
Compiling module xil_defaultlib.D_FF_172
Compiling module xil_defaultlib.RegBit_121
Compiling module xil_defaultlib.D_FF_171
Compiling module xil_defaultlib.RegBit_122
Compiling module xil_defaultlib.D_FF_170
Compiling module xil_defaultlib.RegBit_123
Compiling module xil_defaultlib.D_FF_169
Compiling module xil_defaultlib.RegBit_124
Compiling module xil_defaultlib.D_FF_168
Compiling module xil_defaultlib.RegBit_125
Compiling module xil_defaultlib.D_FF_167
Compiling module xil_defaultlib.RegBit_126
Compiling module xil_defaultlib.D_FF_166
Compiling module xil_defaultlib.RegBit_127
Compiling module xil_defaultlib.D_FF_165
Compiling module xil_defaultlib.RegBit_128
Compiling module xil_defaultlib.D_FF_164
Compiling module xil_defaultlib.RegBit_129
Compiling module xil_defaultlib.D_FF_163
Compiling module xil_defaultlib.RegBit_130
Compiling module xil_defaultlib.D_FF_162
Compiling module xil_defaultlib.RegBit_131
Compiling module xil_defaultlib.D_FF_161
Compiling module xil_defaultlib.RegBit_132
Compiling module xil_defaultlib.D_FF_160
Compiling module xil_defaultlib.RegBit_133
Compiling module xil_defaultlib.D_FF_159
Compiling module xil_defaultlib.RegBit_134
Compiling module xil_defaultlib.D_FF_158
Compiling module xil_defaultlib.RegBit_135
Compiling module xil_defaultlib.D_FF_157
Compiling module xil_defaultlib.RegBit_136
Compiling module xil_defaultlib.D_FF_156
Compiling module xil_defaultlib.RegBit_137
Compiling module xil_defaultlib.D_FF_155
Compiling module xil_defaultlib.RegBit_138
Compiling module xil_defaultlib.D_FF_154
Compiling module xil_defaultlib.RegBit_139
Compiling module xil_defaultlib.D_FF_153
Compiling module xil_defaultlib.RegBit_140
Compiling module xil_defaultlib.D_FF_152
Compiling module xil_defaultlib.RegBit_141
Compiling module xil_defaultlib.D_FF_151
Compiling module xil_defaultlib.RegBit_142
Compiling module xil_defaultlib.D_FF_150
Compiling module xil_defaultlib.RegBit_143
Compiling module xil_defaultlib.D_FF_149
Compiling module xil_defaultlib.RegBit_144
Compiling module xil_defaultlib.D_FF_148
Compiling module xil_defaultlib.RegBit_145
Compiling module xil_defaultlib.D_FF_147
Compiling module xil_defaultlib.RegBit_146
Compiling module xil_defaultlib.register_50
Compiling module xil_defaultlib.D_FF_114
Compiling module xil_defaultlib.RegBit_52
Compiling module xil_defaultlib.D_FF_113
Compiling module xil_defaultlib.RegBit_53
Compiling module xil_defaultlib.D_FF_112
Compiling module xil_defaultlib.RegBit_54
Compiling module xil_defaultlib.D_FF_111
Compiling module xil_defaultlib.RegBit_55
Compiling module xil_defaultlib.D_FF_110
Compiling module xil_defaultlib.RegBit_56
Compiling module xil_defaultlib.D_FF_109
Compiling module xil_defaultlib.RegBit_57
Compiling module xil_defaultlib.D_FF_108
Compiling module xil_defaultlib.RegBit_58
Compiling module xil_defaultlib.D_FF_107
Compiling module xil_defaultlib.RegBit_59
Compiling module xil_defaultlib.D_FF_106
Compiling module xil_defaultlib.RegBit_60
Compiling module xil_defaultlib.D_FF_105
Compiling module xil_defaultlib.RegBit_61
Compiling module xil_defaultlib.D_FF_104
Compiling module xil_defaultlib.RegBit_62
Compiling module xil_defaultlib.D_FF_103
Compiling module xil_defaultlib.RegBit_63
Compiling module xil_defaultlib.D_FF_102
Compiling module xil_defaultlib.RegBit_64
Compiling module xil_defaultlib.D_FF_101
Compiling module xil_defaultlib.RegBit_65
Compiling module xil_defaultlib.D_FF_100
Compiling module xil_defaultlib.RegBit_66
Compiling module xil_defaultlib.D_FF_99
Compiling module xil_defaultlib.RegBit_67
Compiling module xil_defaultlib.D_FF_98
Compiling module xil_defaultlib.RegBit_68
Compiling module xil_defaultlib.D_FF_97
Compiling module xil_defaultlib.RegBit_69
Compiling module xil_defaultlib.D_FF_96
Compiling module xil_defaultlib.RegBit_70
Compiling module xil_defaultlib.D_FF_95
Compiling module xil_defaultlib.RegBit_71
Compiling module xil_defaultlib.D_FF_94
Compiling module xil_defaultlib.RegBit_72
Compiling module xil_defaultlib.D_FF_93
Compiling module xil_defaultlib.RegBit_73
Compiling module xil_defaultlib.D_FF_92
Compiling module xil_defaultlib.RegBit_74
Compiling module xil_defaultlib.D_FF_91
Compiling module xil_defaultlib.RegBit_75
Compiling module xil_defaultlib.D_FF_90
Compiling module xil_defaultlib.RegBit_76
Compiling module xil_defaultlib.D_FF_89
Compiling module xil_defaultlib.RegBit_77
Compiling module xil_defaultlib.D_FF_88
Compiling module xil_defaultlib.RegBit_78
Compiling module xil_defaultlib.D_FF_87
Compiling module xil_defaultlib.RegBit_79
Compiling module xil_defaultlib.D_FF_86
Compiling module xil_defaultlib.RegBit_80
Compiling module xil_defaultlib.D_FF_85
Compiling module xil_defaultlib.RegBit_81
Compiling module xil_defaultlib.D_FF_84
Compiling module xil_defaultlib.RegBit_82
Compiling module xil_defaultlib.D_FF
Compiling module xil_defaultlib.RegBit_83
Compiling module xil_defaultlib.register_51
Compiling module xil_defaultlib.RegFile
Compiling module simprims_ver.BUFG
Compiling module simprims_ver.IBUF
Compiling module simprims_ver.FDRE_default
Compiling module simprims_ver.MUXF7
Compiling module simprims_ver.MUXF8
Compiling module xil_defaultlib.dataMem
Compiling module xil_defaultlib.MIPSpipeline
Compiling module xil_defaultlib.glbl
Built simulation snapshot MIPSpipeline_time_synth
