INFO: [VRFC 10-2263] Analyzing Verilog file "E:/Projects/VLSI/32BitMIPSArch/MIPS325/MIPS325.sim/sim_1/impl/timing/xsim/MIPSpipeline_time_impl.v" into library xil_defaultlib
INFO: [VRFC 10-311] analyzing module D_FF
INFO: [VRFC 10-311] analyzing module D_FF_100
INFO: [VRFC 10-311] analyzing module D_FF_1000
INFO: [VRFC 10-311] analyzing module D_FF_1001
INFO: [VRFC 10-311] analyzing module D_FF_1002
INFO: [VRFC 10-311] analyzing module D_FF_1003
INFO: [VRFC 10-311] analyzing module D_FF_1004
INFO: [VRFC 10-311] analyzing module D_FF_1005
INFO: [VRFC 10-311] analyzing module D_FF_1006
INFO: [VRFC 10-311] analyzing module D_FF_1007
INFO: [VRFC 10-311] analyzing module D_FF_1008
INFO: [VRFC 10-311] analyzing module D_FF_1009
INFO: [VRFC 10-311] analyzing module D_FF_101
INFO: [VRFC 10-311] analyzing module D_FF_1010
INFO: [VRFC 10-311] analyzing module D_FF_102
INFO: [VRFC 10-311] analyzing module D_FF_103
INFO: [VRFC 10-311] analyzing module D_FF_104
INFO: [VRFC 10-311] analyzing module D_FF_105
INFO: [VRFC 10-311] analyzing module D_FF_106
INFO: [VRFC 10-311] analyzing module D_FF_107
INFO: [VRFC 10-311] analyzing module D_FF_1078
INFO: [VRFC 10-311] analyzing module D_FF_1079
INFO: [VRFC 10-311] analyzing module D_FF_108
INFO: [VRFC 10-311] analyzing module D_FF_1080
INFO: [VRFC 10-311] analyzing module D_FF_1081
INFO: [VRFC 10-311] analyzing module D_FF_1082
INFO: [VRFC 10-311] analyzing module D_FF_1083
INFO: [VRFC 10-311] analyzing module D_FF_1084
INFO: [VRFC 10-311] analyzing module D_FF_1085
INFO: [VRFC 10-311] analyzing module D_FF_1086
INFO: [VRFC 10-311] analyzing module D_FF_1087
INFO: [VRFC 10-311] analyzing module D_FF_109
INFO: [VRFC 10-311] analyzing module D_FF_110
INFO: [VRFC 10-311] analyzing module D_FF_111
INFO: [VRFC 10-311] analyzing module D_FF_112
INFO: [VRFC 10-311] analyzing module D_FF_1120
INFO: [VRFC 10-311] analyzing module D_FF_1121
INFO: [VRFC 10-311] analyzing module D_FF_1122
INFO: [VRFC 10-311] analyzing module D_FF_1123
INFO: [VRFC 10-311] analyzing module D_FF_1124
INFO: [VRFC 10-311] analyzing module D_FF_1125
INFO: [VRFC 10-311] analyzing module D_FF_1126
INFO: [VRFC 10-311] analyzing module D_FF_1127
INFO: [VRFC 10-311] analyzing module D_FF_1128
INFO: [VRFC 10-311] analyzing module D_FF_1129
INFO: [VRFC 10-311] analyzing module D_FF_113
INFO: [VRFC 10-311] analyzing module D_FF_1130
INFO: [VRFC 10-311] analyzing module D_FF_1131
INFO: [VRFC 10-311] analyzing module D_FF_1132
INFO: [VRFC 10-311] analyzing module D_FF_1133
INFO: [VRFC 10-311] analyzing module D_FF_1134
INFO: [VRFC 10-311] analyzing module D_FF_1135
INFO: [VRFC 10-311] analyzing module D_FF_1136
INFO: [VRFC 10-311] analyzing module D_FF_1137
INFO: [VRFC 10-311] analyzing module D_FF_1138
INFO: [VRFC 10-311] analyzing module D_FF_1139
INFO: [VRFC 10-311] analyzing module D_FF_114
INFO: [VRFC 10-311] analyzing module D_FF_1140
INFO: [VRFC 10-311] analyzing module D_FF_1141
INFO: [VRFC 10-311] analyzing module D_FF_1142
INFO: [VRFC 10-311] analyzing module D_FF_1143
INFO: [VRFC 10-311] analyzing module D_FF_1144
INFO: [VRFC 10-311] analyzing module D_FF_1145
INFO: [VRFC 10-311] analyzing module D_FF_1146
INFO: [VRFC 10-311] analyzing module D_FF_1147
INFO: [VRFC 10-311] analyzing module D_FF_1148
INFO: [VRFC 10-311] analyzing module D_FF_1149
INFO: [VRFC 10-311] analyzing module D_FF_1150
INFO: [VRFC 10-311] analyzing module D_FF_1151
INFO: [VRFC 10-311] analyzing module D_FF_1152
INFO: [VRFC 10-311] analyzing module D_FF_1185
INFO: [VRFC 10-311] analyzing module D_FF_1186
INFO: [VRFC 10-311] analyzing module D_FF_1187
INFO: [VRFC 10-311] analyzing module D_FF_1188
INFO: [VRFC 10-311] analyzing module D_FF_1189
INFO: [VRFC 10-311] analyzing module D_FF_1190
INFO: [VRFC 10-311] analyzing module D_FF_1191
INFO: [VRFC 10-311] analyzing module D_FF_1192
INFO: [VRFC 10-311] analyzing module D_FF_1193
INFO: [VRFC 10-311] analyzing module D_FF_1194
INFO: [VRFC 10-311] analyzing module D_FF_1195
INFO: [VRFC 10-311] analyzing module D_FF_1196
INFO: [VRFC 10-311] analyzing module D_FF_1197
INFO: [VRFC 10-311] analyzing module D_FF_1198
INFO: [VRFC 10-311] analyzing module D_FF_1199
INFO: [VRFC 10-311] analyzing module D_FF_1200
INFO: [VRFC 10-311] analyzing module D_FF_1201
INFO: [VRFC 10-311] analyzing module D_FF_1202
INFO: [VRFC 10-311] analyzing module D_FF_1203
INFO: [VRFC 10-311] analyzing module D_FF_1204
INFO: [VRFC 10-311] analyzing module D_FF_1205
INFO: [VRFC 10-311] analyzing module D_FF_1206
INFO: [VRFC 10-311] analyzing module D_FF_1207
INFO: [VRFC 10-311] analyzing module D_FF_1208
INFO: [VRFC 10-311] analyzing module D_FF_1209
INFO: [VRFC 10-311] analyzing module D_FF_1210
INFO: [VRFC 10-311] analyzing module D_FF_1211
INFO: [VRFC 10-311] analyzing module D_FF_1212
INFO: [VRFC 10-311] analyzing module D_FF_1213
INFO: [VRFC 10-311] analyzing module D_FF_1214
INFO: [VRFC 10-311] analyzing module D_FF_1215
INFO: [VRFC 10-311] analyzing module D_FF_1216
INFO: [VRFC 10-311] analyzing module D_FF_1217
INFO: [VRFC 10-311] analyzing module D_FF_1222
INFO: [VRFC 10-311] analyzing module D_FF_1223
INFO: [VRFC 10-311] analyzing module D_FF_1224
INFO: [VRFC 10-311] analyzing module D_FF_1225
INFO: [VRFC 10-311] analyzing module D_FF_1248
INFO: [VRFC 10-311] analyzing module D_FF_1249
INFO: [VRFC 10-311] analyzing module D_FF_1250
INFO: [VRFC 10-311] analyzing module D_FF_1251
INFO: [VRFC 10-311] analyzing module D_FF_1252
INFO: [VRFC 10-311] analyzing module D_FF_1253
INFO: [VRFC 10-311] analyzing module D_FF_1254
INFO: [VRFC 10-311] analyzing module D_FF_1255
INFO: [VRFC 10-311] analyzing module D_FF_1256
INFO: [VRFC 10-311] analyzing module D_FF_1257
INFO: [VRFC 10-311] analyzing module D_FF_1258
INFO: [VRFC 10-311] analyzing module D_FF_1259
INFO: [VRFC 10-311] analyzing module D_FF_1260
INFO: [VRFC 10-311] analyzing module D_FF_1261
INFO: [VRFC 10-311] analyzing module D_FF_1262
INFO: [VRFC 10-311] analyzing module D_FF_1263
INFO: [VRFC 10-311] analyzing module D_FF_1264
INFO: [VRFC 10-311] analyzing module D_FF_1265
INFO: [VRFC 10-311] analyzing module D_FF_1266
INFO: [VRFC 10-311] analyzing module D_FF_1267
INFO: [VRFC 10-311] analyzing module D_FF_1268
INFO: [VRFC 10-311] analyzing module D_FF_1269
INFO: [VRFC 10-311] analyzing module D_FF_1278
INFO: [VRFC 10-311] analyzing module D_FF_1279
INFO: [VRFC 10-311] analyzing module D_FF_1280
INFO: [VRFC 10-311] analyzing module D_FF_1281
INFO: [VRFC 10-311] analyzing module D_FF_1282
INFO: [VRFC 10-311] analyzing module D_FF_1283
INFO: [VRFC 10-311] analyzing module D_FF_1284
INFO: [VRFC 10-311] analyzing module D_FF_1285
INFO: [VRFC 10-311] analyzing module D_FF_1286
INFO: [VRFC 10-311] analyzing module D_FF_1287
INFO: [VRFC 10-311] analyzing module D_FF_1320
INFO: [VRFC 10-311] analyzing module D_FF_1321
INFO: [VRFC 10-311] analyzing module D_FF_1322
INFO: [VRFC 10-311] analyzing module D_FF_1323
INFO: [VRFC 10-311] analyzing module D_FF_1324
INFO: [VRFC 10-311] analyzing module D_FF_1325
INFO: [VRFC 10-311] analyzing module D_FF_1326
INFO: [VRFC 10-311] analyzing module D_FF_1327
INFO: [VRFC 10-311] analyzing module D_FF_1328
INFO: [VRFC 10-311] analyzing module D_FF_1329
INFO: [VRFC 10-311] analyzing module D_FF_1330
INFO: [VRFC 10-311] analyzing module D_FF_1331
INFO: [VRFC 10-311] analyzing module D_FF_1332
INFO: [VRFC 10-311] analyzing module D_FF_1333
INFO: [VRFC 10-311] analyzing module D_FF_1334
INFO: [VRFC 10-311] analyzing module D_FF_1335
INFO: [VRFC 10-311] analyzing module D_FF_1336
INFO: [VRFC 10-311] analyzing module D_FF_1337
INFO: [VRFC 10-311] analyzing module D_FF_1338
INFO: [VRFC 10-311] analyzing module D_FF_1339
INFO: [VRFC 10-311] analyzing module D_FF_1340
INFO: [VRFC 10-311] analyzing module D_FF_1341
INFO: [VRFC 10-311] analyzing module D_FF_1342
INFO: [VRFC 10-311] analyzing module D_FF_1343
INFO: [VRFC 10-311] analyzing module D_FF_1344
INFO: [VRFC 10-311] analyzing module D_FF_1345
INFO: [VRFC 10-311] analyzing module D_FF_1346
INFO: [VRFC 10-311] analyzing module D_FF_1347
INFO: [VRFC 10-311] analyzing module D_FF_1348
INFO: [VRFC 10-311] analyzing module D_FF_1349
INFO: [VRFC 10-311] analyzing module D_FF_1350
INFO: [VRFC 10-311] analyzing module D_FF_1351
INFO: [VRFC 10-311] analyzing module D_FF_1384
INFO: [VRFC 10-311] analyzing module D_FF_1385
INFO: [VRFC 10-311] analyzing module D_FF_1386
INFO: [VRFC 10-311] analyzing module D_FF_1387
INFO: [VRFC 10-311] analyzing module D_FF_1388
INFO: [VRFC 10-311] analyzing module D_FF_1389
INFO: [VRFC 10-311] analyzing module D_FF_1390
INFO: [VRFC 10-311] analyzing module D_FF_1391
INFO: [VRFC 10-311] analyzing module D_FF_1392
INFO: [VRFC 10-311] analyzing module D_FF_1393
INFO: [VRFC 10-311] analyzing module D_FF_1394
INFO: [VRFC 10-311] analyzing module D_FF_1395
INFO: [VRFC 10-311] analyzing module D_FF_1396
INFO: [VRFC 10-311] analyzing module D_FF_1397
INFO: [VRFC 10-311] analyzing module D_FF_1398
INFO: [VRFC 10-311] analyzing module D_FF_1399
INFO: [VRFC 10-311] analyzing module D_FF_1400
INFO: [VRFC 10-311] analyzing module D_FF_1401
INFO: [VRFC 10-311] analyzing module D_FF_1402
INFO: [VRFC 10-311] analyzing module D_FF_1403
INFO: [VRFC 10-311] analyzing module D_FF_1404
INFO: [VRFC 10-311] analyzing module D_FF_1405
INFO: [VRFC 10-311] analyzing module D_FF_1406
INFO: [VRFC 10-311] analyzing module D_FF_1407
INFO: [VRFC 10-311] analyzing module D_FF_1408
INFO: [VRFC 10-311] analyzing module D_FF_1409
INFO: [VRFC 10-311] analyzing module D_FF_1410
INFO: [VRFC 10-311] analyzing module D_FF_1411
INFO: [VRFC 10-311] analyzing module D_FF_1412
INFO: [VRFC 10-311] analyzing module D_FF_1413
INFO: [VRFC 10-311] analyzing module D_FF_1414
INFO: [VRFC 10-311] analyzing module D_FF_1415
INFO: [VRFC 10-311] analyzing module D_FF_1420
INFO: [VRFC 10-311] analyzing module D_FF_1421
INFO: [VRFC 10-311] analyzing module D_FF_1422
INFO: [VRFC 10-311] analyzing module D_FF_1423
INFO: [VRFC 10-311] analyzing module D_FF_1424
INFO: [VRFC 10-311] analyzing module D_FF_1425
INFO: [VRFC 10-311] analyzing module D_FF_1426
INFO: [VRFC 10-311] analyzing module D_FF_1427
INFO: [VRFC 10-311] analyzing module D_FF_1439
INFO: [VRFC 10-311] analyzing module D_FF_1440
INFO: [VRFC 10-311] analyzing module D_FF_1441
INFO: [VRFC 10-311] analyzing module D_FF_1442
INFO: [VRFC 10-311] analyzing module D_FF_1443
INFO: [VRFC 10-311] analyzing module D_FF_1444
INFO: [VRFC 10-311] analyzing module D_FF_1445
INFO: [VRFC 10-311] analyzing module D_FF_1446
INFO: [VRFC 10-311] analyzing module D_FF_1447
INFO: [VRFC 10-311] analyzing module D_FF_1448
INFO: [VRFC 10-311] analyzing module D_FF_1449
INFO: [VRFC 10-311] analyzing module D_FF_1450
INFO: [VRFC 10-311] analyzing module D_FF_1451
INFO: [VRFC 10-311] analyzing module D_FF_1452
INFO: [VRFC 10-311] analyzing module D_FF_1453
INFO: [VRFC 10-311] analyzing module D_FF_1454
INFO: [VRFC 10-311] analyzing module D_FF_1455
INFO: [VRFC 10-311] analyzing module D_FF_1456
INFO: [VRFC 10-311] analyzing module D_FF_1457
INFO: [VRFC 10-311] analyzing module D_FF_1458
INFO: [VRFC 10-311] analyzing module D_FF_147
INFO: [VRFC 10-311] analyzing module D_FF_148
INFO: [VRFC 10-311] analyzing module D_FF_149
INFO: [VRFC 10-311] analyzing module D_FF_1491
INFO: [VRFC 10-311] analyzing module D_FF_1492
INFO: [VRFC 10-311] analyzing module D_FF_1493
INFO: [VRFC 10-311] analyzing module D_FF_1494
INFO: [VRFC 10-311] analyzing module D_FF_1495
INFO: [VRFC 10-311] analyzing module D_FF_1496
INFO: [VRFC 10-311] analyzing module D_FF_1497
INFO: [VRFC 10-311] analyzing module D_FF_1498
INFO: [VRFC 10-311] analyzing module D_FF_1499
INFO: [VRFC 10-311] analyzing module D_FF_150
INFO: [VRFC 10-311] analyzing module D_FF_1500
INFO: [VRFC 10-311] analyzing module D_FF_1501
INFO: [VRFC 10-311] analyzing module D_FF_1502
INFO: [VRFC 10-311] analyzing module D_FF_1503
INFO: [VRFC 10-311] analyzing module D_FF_1504
INFO: [VRFC 10-311] analyzing module D_FF_1505
INFO: [VRFC 10-311] analyzing module D_FF_1506
INFO: [VRFC 10-311] analyzing module D_FF_1507
INFO: [VRFC 10-311] analyzing module D_FF_1508
INFO: [VRFC 10-311] analyzing module D_FF_1509
INFO: [VRFC 10-311] analyzing module D_FF_151
INFO: [VRFC 10-311] analyzing module D_FF_1510
INFO: [VRFC 10-311] analyzing module D_FF_1511
INFO: [VRFC 10-311] analyzing module D_FF_1512
INFO: [VRFC 10-311] analyzing module D_FF_1513
INFO: [VRFC 10-311] analyzing module D_FF_1514
INFO: [VRFC 10-311] analyzing module D_FF_1515
INFO: [VRFC 10-311] analyzing module D_FF_1516
INFO: [VRFC 10-311] analyzing module D_FF_1517
INFO: [VRFC 10-311] analyzing module D_FF_1518
INFO: [VRFC 10-311] analyzing module D_FF_1519
INFO: [VRFC 10-311] analyzing module D_FF_152
INFO: [VRFC 10-311] analyzing module D_FF_1520
INFO: [VRFC 10-311] analyzing module D_FF_1521
INFO: [VRFC 10-311] analyzing module D_FF_1522
INFO: [VRFC 10-311] analyzing module D_FF_1523
INFO: [VRFC 10-311] analyzing module D_FF_1524
INFO: [VRFC 10-311] analyzing module D_FF_1525
INFO: [VRFC 10-311] analyzing module D_FF_153
INFO: [VRFC 10-311] analyzing module D_FF_154
INFO: [VRFC 10-311] analyzing module D_FF_155
INFO: [VRFC 10-311] analyzing module D_FF_1558
INFO: [VRFC 10-311] analyzing module D_FF_1559
INFO: [VRFC 10-311] analyzing module D_FF_156
INFO: [VRFC 10-311] analyzing module D_FF_1560
INFO: [VRFC 10-311] analyzing module D_FF_1561
INFO: [VRFC 10-311] analyzing module D_FF_1562
INFO: [VRFC 10-311] analyzing module D_FF_1563
INFO: [VRFC 10-311] analyzing module D_FF_1564
INFO: [VRFC 10-311] analyzing module D_FF_1565
INFO: [VRFC 10-311] analyzing module D_FF_1566
INFO: [VRFC 10-311] analyzing module D_FF_1567
INFO: [VRFC 10-311] analyzing module D_FF_1568
INFO: [VRFC 10-311] analyzing module D_FF_1569
INFO: [VRFC 10-311] analyzing module D_FF_157
INFO: [VRFC 10-311] analyzing module D_FF_1570
INFO: [VRFC 10-311] analyzing module D_FF_1571
INFO: [VRFC 10-311] analyzing module D_FF_1572
INFO: [VRFC 10-311] analyzing module D_FF_1573
INFO: [VRFC 10-311] analyzing module D_FF_1574
INFO: [VRFC 10-311] analyzing module D_FF_1575
INFO: [VRFC 10-311] analyzing module D_FF_1576
INFO: [VRFC 10-311] analyzing module D_FF_1577
INFO: [VRFC 10-311] analyzing module D_FF_1578
INFO: [VRFC 10-311] analyzing module D_FF_1579
INFO: [VRFC 10-311] analyzing module D_FF_158
INFO: [VRFC 10-311] analyzing module D_FF_1580
INFO: [VRFC 10-311] analyzing module D_FF_1581
INFO: [VRFC 10-311] analyzing module D_FF_1582
INFO: [VRFC 10-311] analyzing module D_FF_1583
INFO: [VRFC 10-311] analyzing module D_FF_1584
INFO: [VRFC 10-311] analyzing module D_FF_1585
INFO: [VRFC 10-311] analyzing module D_FF_1586
INFO: [VRFC 10-311] analyzing module D_FF_1587
INFO: [VRFC 10-311] analyzing module D_FF_1588
INFO: [VRFC 10-311] analyzing module D_FF_1589
INFO: [VRFC 10-311] analyzing module D_FF_159
INFO: [VRFC 10-311] analyzing module D_FF_160
INFO: [VRFC 10-311] analyzing module D_FF_161
INFO: [VRFC 10-311] analyzing module D_FF_162
INFO: [VRFC 10-311] analyzing module D_FF_163
INFO: [VRFC 10-311] analyzing module D_FF_164
INFO: [VRFC 10-311] analyzing module D_FF_165
INFO: [VRFC 10-311] analyzing module D_FF_166
INFO: [VRFC 10-311] analyzing module D_FF_167
INFO: [VRFC 10-311] analyzing module D_FF_168
INFO: [VRFC 10-311] analyzing module D_FF_169
INFO: [VRFC 10-311] analyzing module D_FF_170
INFO: [VRFC 10-311] analyzing module D_FF_171
INFO: [VRFC 10-311] analyzing module D_FF_172
INFO: [VRFC 10-311] analyzing module D_FF_173
INFO: [VRFC 10-311] analyzing module D_FF_174
INFO: [VRFC 10-311] analyzing module D_FF_175
INFO: [VRFC 10-311] analyzing module D_FF_176
INFO: [VRFC 10-311] analyzing module D_FF_177
INFO: [VRFC 10-311] analyzing module D_FF_178
INFO: [VRFC 10-311] analyzing module D_FF_211
INFO: [VRFC 10-311] analyzing module D_FF_212
INFO: [VRFC 10-311] analyzing module D_FF_213
INFO: [VRFC 10-311] analyzing module D_FF_214
INFO: [VRFC 10-311] analyzing module D_FF_215
INFO: [VRFC 10-311] analyzing module D_FF_216
INFO: [VRFC 10-311] analyzing module D_FF_217
INFO: [VRFC 10-311] analyzing module D_FF_218
INFO: [VRFC 10-311] analyzing module D_FF_219
INFO: [VRFC 10-311] analyzing module D_FF_220
INFO: [VRFC 10-311] analyzing module D_FF_221
INFO: [VRFC 10-311] analyzing module D_FF_222
INFO: [VRFC 10-311] analyzing module D_FF_223
INFO: [VRFC 10-311] analyzing module D_FF_224
INFO: [VRFC 10-311] analyzing module D_FF_225
INFO: [VRFC 10-311] analyzing module D_FF_226
INFO: [VRFC 10-311] analyzing module D_FF_227
INFO: [VRFC 10-311] analyzing module D_FF_228
INFO: [VRFC 10-311] analyzing module D_FF_229
INFO: [VRFC 10-311] analyzing module D_FF_230
INFO: [VRFC 10-311] analyzing module D_FF_231
INFO: [VRFC 10-311] analyzing module D_FF_232
INFO: [VRFC 10-311] analyzing module D_FF_233
INFO: [VRFC 10-311] analyzing module D_FF_234
INFO: [VRFC 10-311] analyzing module D_FF_235
INFO: [VRFC 10-311] analyzing module D_FF_236
INFO: [VRFC 10-311] analyzing module D_FF_237
INFO: [VRFC 10-311] analyzing module D_FF_238
INFO: [VRFC 10-311] analyzing module D_FF_239
INFO: [VRFC 10-311] analyzing module D_FF_240
INFO: [VRFC 10-311] analyzing module D_FF_241
INFO: [VRFC 10-311] analyzing module D_FF_242
INFO: [VRFC 10-311] analyzing module D_FF_275
INFO: [VRFC 10-311] analyzing module D_FF_276
INFO: [VRFC 10-311] analyzing module D_FF_277
INFO: [VRFC 10-311] analyzing module D_FF_278
INFO: [VRFC 10-311] analyzing module D_FF_279
INFO: [VRFC 10-311] analyzing module D_FF_280
INFO: [VRFC 10-311] analyzing module D_FF_281
INFO: [VRFC 10-311] analyzing module D_FF_282
INFO: [VRFC 10-311] analyzing module D_FF_283
INFO: [VRFC 10-311] analyzing module D_FF_284
INFO: [VRFC 10-311] analyzing module D_FF_285
INFO: [VRFC 10-311] analyzing module D_FF_286
INFO: [VRFC 10-311] analyzing module D_FF_287
INFO: [VRFC 10-311] analyzing module D_FF_288
INFO: [VRFC 10-311] analyzing module D_FF_289
INFO: [VRFC 10-311] analyzing module D_FF_290
INFO: [VRFC 10-311] analyzing module D_FF_291
INFO: [VRFC 10-311] analyzing module D_FF_292
INFO: [VRFC 10-311] analyzing module D_FF_293
INFO: [VRFC 10-311] analyzing module D_FF_294
INFO: [VRFC 10-311] analyzing module D_FF_295
INFO: [VRFC 10-311] analyzing module D_FF_296
INFO: [VRFC 10-311] analyzing module D_FF_297
INFO: [VRFC 10-311] analyzing module D_FF_298
INFO: [VRFC 10-311] analyzing module D_FF_299
INFO: [VRFC 10-311] analyzing module D_FF_300
INFO: [VRFC 10-311] analyzing module D_FF_301
INFO: [VRFC 10-311] analyzing module D_FF_302
INFO: [VRFC 10-311] analyzing module D_FF_303
INFO: [VRFC 10-311] analyzing module D_FF_304
INFO: [VRFC 10-311] analyzing module D_FF_305
INFO: [VRFC 10-311] analyzing module D_FF_306
INFO: [VRFC 10-311] analyzing module D_FF_339
INFO: [VRFC 10-311] analyzing module D_FF_340
INFO: [VRFC 10-311] analyzing module D_FF_341
INFO: [VRFC 10-311] analyzing module D_FF_342
INFO: [VRFC 10-311] analyzing module D_FF_343
INFO: [VRFC 10-311] analyzing module D_FF_344
INFO: [VRFC 10-311] analyzing module D_FF_345
INFO: [VRFC 10-311] analyzing module D_FF_346
INFO: [VRFC 10-311] analyzing module D_FF_347
INFO: [VRFC 10-311] analyzing module D_FF_348
INFO: [VRFC 10-311] analyzing module D_FF_349
INFO: [VRFC 10-311] analyzing module D_FF_350
INFO: [VRFC 10-311] analyzing module D_FF_351
INFO: [VRFC 10-311] analyzing module D_FF_352
INFO: [VRFC 10-311] analyzing module D_FF_353
INFO: [VRFC 10-311] analyzing module D_FF_354
INFO: [VRFC 10-311] analyzing module D_FF_355
INFO: [VRFC 10-311] analyzing module D_FF_356
INFO: [VRFC 10-311] analyzing module D_FF_357
INFO: [VRFC 10-311] analyzing module D_FF_358
INFO: [VRFC 10-311] analyzing module D_FF_359
INFO: [VRFC 10-311] analyzing module D_FF_360
INFO: [VRFC 10-311] analyzing module D_FF_361
INFO: [VRFC 10-311] analyzing module D_FF_362
INFO: [VRFC 10-311] analyzing module D_FF_363
INFO: [VRFC 10-311] analyzing module D_FF_364
INFO: [VRFC 10-311] analyzing module D_FF_365
INFO: [VRFC 10-311] analyzing module D_FF_366
INFO: [VRFC 10-311] analyzing module D_FF_367
INFO: [VRFC 10-311] analyzing module D_FF_368
INFO: [VRFC 10-311] analyzing module D_FF_369
INFO: [VRFC 10-311] analyzing module D_FF_370
INFO: [VRFC 10-311] analyzing module D_FF_403
INFO: [VRFC 10-311] analyzing module D_FF_404
INFO: [VRFC 10-311] analyzing module D_FF_405
INFO: [VRFC 10-311] analyzing module D_FF_406
INFO: [VRFC 10-311] analyzing module D_FF_407
INFO: [VRFC 10-311] analyzing module D_FF_408
INFO: [VRFC 10-311] analyzing module D_FF_409
INFO: [VRFC 10-311] analyzing module D_FF_410
INFO: [VRFC 10-311] analyzing module D_FF_411
INFO: [VRFC 10-311] analyzing module D_FF_412
INFO: [VRFC 10-311] analyzing module D_FF_413
INFO: [VRFC 10-311] analyzing module D_FF_414
INFO: [VRFC 10-311] analyzing module D_FF_415
INFO: [VRFC 10-311] analyzing module D_FF_416
INFO: [VRFC 10-311] analyzing module D_FF_417
INFO: [VRFC 10-311] analyzing module D_FF_418
INFO: [VRFC 10-311] analyzing module D_FF_419
INFO: [VRFC 10-311] analyzing module D_FF_420
INFO: [VRFC 10-311] analyzing module D_FF_421
INFO: [VRFC 10-311] analyzing module D_FF_422
INFO: [VRFC 10-311] analyzing module D_FF_423
INFO: [VRFC 10-311] analyzing module D_FF_424
INFO: [VRFC 10-311] analyzing module D_FF_425
INFO: [VRFC 10-311] analyzing module D_FF_426
INFO: [VRFC 10-311] analyzing module D_FF_427
INFO: [VRFC 10-311] analyzing module D_FF_428
INFO: [VRFC 10-311] analyzing module D_FF_429
INFO: [VRFC 10-311] analyzing module D_FF_430
INFO: [VRFC 10-311] analyzing module D_FF_431
INFO: [VRFC 10-311] analyzing module D_FF_432
INFO: [VRFC 10-311] analyzing module D_FF_433
INFO: [VRFC 10-311] analyzing module D_FF_434
INFO: [VRFC 10-311] analyzing module D_FF_467
INFO: [VRFC 10-311] analyzing module D_FF_468
INFO: [VRFC 10-311] analyzing module D_FF_469
INFO: [VRFC 10-311] analyzing module D_FF_470
INFO: [VRFC 10-311] analyzing module D_FF_471
INFO: [VRFC 10-311] analyzing module D_FF_472
INFO: [VRFC 10-311] analyzing module D_FF_473
INFO: [VRFC 10-311] analyzing module D_FF_474
INFO: [VRFC 10-311] analyzing module D_FF_475
INFO: [VRFC 10-311] analyzing module D_FF_476
INFO: [VRFC 10-311] analyzing module D_FF_477
INFO: [VRFC 10-311] analyzing module D_FF_478
INFO: [VRFC 10-311] analyzing module D_FF_479
INFO: [VRFC 10-311] analyzing module D_FF_480
INFO: [VRFC 10-311] analyzing module D_FF_481
INFO: [VRFC 10-311] analyzing module D_FF_482
INFO: [VRFC 10-311] analyzing module D_FF_483
INFO: [VRFC 10-311] analyzing module D_FF_484
INFO: [VRFC 10-311] analyzing module D_FF_485
INFO: [VRFC 10-311] analyzing module D_FF_486
INFO: [VRFC 10-311] analyzing module D_FF_487
INFO: [VRFC 10-311] analyzing module D_FF_488
INFO: [VRFC 10-311] analyzing module D_FF_489
INFO: [VRFC 10-311] analyzing module D_FF_490
INFO: [VRFC 10-311] analyzing module D_FF_491
INFO: [VRFC 10-311] analyzing module D_FF_492
INFO: [VRFC 10-311] analyzing module D_FF_493
INFO: [VRFC 10-311] analyzing module D_FF_494
INFO: [VRFC 10-311] analyzing module D_FF_495
INFO: [VRFC 10-311] analyzing module D_FF_496
INFO: [VRFC 10-311] analyzing module D_FF_497
INFO: [VRFC 10-311] analyzing module D_FF_498
INFO: [VRFC 10-311] analyzing module D_FF_531
INFO: [VRFC 10-311] analyzing module D_FF_532
INFO: [VRFC 10-311] analyzing module D_FF_533
INFO: [VRFC 10-311] analyzing module D_FF_534
INFO: [VRFC 10-311] analyzing module D_FF_535
INFO: [VRFC 10-311] analyzing module D_FF_536
INFO: [VRFC 10-311] analyzing module D_FF_537
INFO: [VRFC 10-311] analyzing module D_FF_538
INFO: [VRFC 10-311] analyzing module D_FF_539
INFO: [VRFC 10-311] analyzing module D_FF_540
INFO: [VRFC 10-311] analyzing module D_FF_541
INFO: [VRFC 10-311] analyzing module D_FF_542
INFO: [VRFC 10-311] analyzing module D_FF_543
INFO: [VRFC 10-311] analyzing module D_FF_544
INFO: [VRFC 10-311] analyzing module D_FF_545
INFO: [VRFC 10-311] analyzing module D_FF_546
INFO: [VRFC 10-311] analyzing module D_FF_547
INFO: [VRFC 10-311] analyzing module D_FF_548
INFO: [VRFC 10-311] analyzing module D_FF_549
INFO: [VRFC 10-311] analyzing module D_FF_550
INFO: [VRFC 10-311] analyzing module D_FF_551
INFO: [VRFC 10-311] analyzing module D_FF_552
INFO: [VRFC 10-311] analyzing module D_FF_553
INFO: [VRFC 10-311] analyzing module D_FF_554
INFO: [VRFC 10-311] analyzing module D_FF_555
INFO: [VRFC 10-311] analyzing module D_FF_556
INFO: [VRFC 10-311] analyzing module D_FF_557
INFO: [VRFC 10-311] analyzing module D_FF_558
INFO: [VRFC 10-311] analyzing module D_FF_559
INFO: [VRFC 10-311] analyzing module D_FF_560
INFO: [VRFC 10-311] analyzing module D_FF_561
INFO: [VRFC 10-311] analyzing module D_FF_562
INFO: [VRFC 10-311] analyzing module D_FF_595
INFO: [VRFC 10-311] analyzing module D_FF_596
INFO: [VRFC 10-311] analyzing module D_FF_597
INFO: [VRFC 10-311] analyzing module D_FF_598
INFO: [VRFC 10-311] analyzing module D_FF_599
INFO: [VRFC 10-311] analyzing module D_FF_600
INFO: [VRFC 10-311] analyzing module D_FF_601
INFO: [VRFC 10-311] analyzing module D_FF_602
INFO: [VRFC 10-311] analyzing module D_FF_603
INFO: [VRFC 10-311] analyzing module D_FF_604
INFO: [VRFC 10-311] analyzing module D_FF_605
INFO: [VRFC 10-311] analyzing module D_FF_606
INFO: [VRFC 10-311] analyzing module D_FF_607
INFO: [VRFC 10-311] analyzing module D_FF_608
INFO: [VRFC 10-311] analyzing module D_FF_609
INFO: [VRFC 10-311] analyzing module D_FF_610
INFO: [VRFC 10-311] analyzing module D_FF_611
INFO: [VRFC 10-311] analyzing module D_FF_612
INFO: [VRFC 10-311] analyzing module D_FF_613
INFO: [VRFC 10-311] analyzing module D_FF_614
INFO: [VRFC 10-311] analyzing module D_FF_615
INFO: [VRFC 10-311] analyzing module D_FF_616
INFO: [VRFC 10-311] analyzing module D_FF_617
INFO: [VRFC 10-311] analyzing module D_FF_618
INFO: [VRFC 10-311] analyzing module D_FF_619
INFO: [VRFC 10-311] analyzing module D_FF_620
INFO: [VRFC 10-311] analyzing module D_FF_621
INFO: [VRFC 10-311] analyzing module D_FF_622
INFO: [VRFC 10-311] analyzing module D_FF_623
INFO: [VRFC 10-311] analyzing module D_FF_624
INFO: [VRFC 10-311] analyzing module D_FF_625
INFO: [VRFC 10-311] analyzing module D_FF_626
INFO: [VRFC 10-311] analyzing module D_FF_659
INFO: [VRFC 10-311] analyzing module D_FF_660
INFO: [VRFC 10-311] analyzing module D_FF_661
INFO: [VRFC 10-311] analyzing module D_FF_662
INFO: [VRFC 10-311] analyzing module D_FF_663
INFO: [VRFC 10-311] analyzing module D_FF_664
INFO: [VRFC 10-311] analyzing module D_FF_665
INFO: [VRFC 10-311] analyzing module D_FF_666
INFO: [VRFC 10-311] analyzing module D_FF_667
INFO: [VRFC 10-311] analyzing module D_FF_668
INFO: [VRFC 10-311] analyzing module D_FF_669
INFO: [VRFC 10-311] analyzing module D_FF_670
INFO: [VRFC 10-311] analyzing module D_FF_671
INFO: [VRFC 10-311] analyzing module D_FF_672
INFO: [VRFC 10-311] analyzing module D_FF_673
INFO: [VRFC 10-311] analyzing module D_FF_674
INFO: [VRFC 10-311] analyzing module D_FF_675
INFO: [VRFC 10-311] analyzing module D_FF_676
INFO: [VRFC 10-311] analyzing module D_FF_677
INFO: [VRFC 10-311] analyzing module D_FF_678
INFO: [VRFC 10-311] analyzing module D_FF_679
INFO: [VRFC 10-311] analyzing module D_FF_680
INFO: [VRFC 10-311] analyzing module D_FF_681
INFO: [VRFC 10-311] analyzing module D_FF_682
INFO: [VRFC 10-311] analyzing module D_FF_683
INFO: [VRFC 10-311] analyzing module D_FF_684
INFO: [VRFC 10-311] analyzing module D_FF_685
INFO: [VRFC 10-311] analyzing module D_FF_686
INFO: [VRFC 10-311] analyzing module D_FF_687
INFO: [VRFC 10-311] analyzing module D_FF_688
INFO: [VRFC 10-311] analyzing module D_FF_689
INFO: [VRFC 10-311] analyzing module D_FF_690
INFO: [VRFC 10-311] analyzing module D_FF_723
INFO: [VRFC 10-311] analyzing module D_FF_724
INFO: [VRFC 10-311] analyzing module D_FF_725
INFO: [VRFC 10-311] analyzing module D_FF_726
INFO: [VRFC 10-311] analyzing module D_FF_727
INFO: [VRFC 10-311] analyzing module D_FF_728
INFO: [VRFC 10-311] analyzing module D_FF_729
INFO: [VRFC 10-311] analyzing module D_FF_730
INFO: [VRFC 10-311] analyzing module D_FF_731
INFO: [VRFC 10-311] analyzing module D_FF_732
INFO: [VRFC 10-311] analyzing module D_FF_733
INFO: [VRFC 10-311] analyzing module D_FF_734
INFO: [VRFC 10-311] analyzing module D_FF_735
INFO: [VRFC 10-311] analyzing module D_FF_736
INFO: [VRFC 10-311] analyzing module D_FF_737
INFO: [VRFC 10-311] analyzing module D_FF_738
INFO: [VRFC 10-311] analyzing module D_FF_739
INFO: [VRFC 10-311] analyzing module D_FF_740
INFO: [VRFC 10-311] analyzing module D_FF_741
INFO: [VRFC 10-311] analyzing module D_FF_742
INFO: [VRFC 10-311] analyzing module D_FF_743
INFO: [VRFC 10-311] analyzing module D_FF_744
INFO: [VRFC 10-311] analyzing module D_FF_745
INFO: [VRFC 10-311] analyzing module D_FF_746
INFO: [VRFC 10-311] analyzing module D_FF_747
INFO: [VRFC 10-311] analyzing module D_FF_748
INFO: [VRFC 10-311] analyzing module D_FF_749
INFO: [VRFC 10-311] analyzing module D_FF_750
INFO: [VRFC 10-311] analyzing module D_FF_751
INFO: [VRFC 10-311] analyzing module D_FF_752
INFO: [VRFC 10-311] analyzing module D_FF_753
INFO: [VRFC 10-311] analyzing module D_FF_754
INFO: [VRFC 10-311] analyzing module D_FF_787
INFO: [VRFC 10-311] analyzing module D_FF_788
INFO: [VRFC 10-311] analyzing module D_FF_789
INFO: [VRFC 10-311] analyzing module D_FF_790
INFO: [VRFC 10-311] analyzing module D_FF_791
INFO: [VRFC 10-311] analyzing module D_FF_792
INFO: [VRFC 10-311] analyzing module D_FF_793
INFO: [VRFC 10-311] analyzing module D_FF_794
INFO: [VRFC 10-311] analyzing module D_FF_795
INFO: [VRFC 10-311] analyzing module D_FF_796
INFO: [VRFC 10-311] analyzing module D_FF_797
INFO: [VRFC 10-311] analyzing module D_FF_798
INFO: [VRFC 10-311] analyzing module D_FF_799
INFO: [VRFC 10-311] analyzing module D_FF_800
INFO: [VRFC 10-311] analyzing module D_FF_801
INFO: [VRFC 10-311] analyzing module D_FF_802
INFO: [VRFC 10-311] analyzing module D_FF_803
INFO: [VRFC 10-311] analyzing module D_FF_804
INFO: [VRFC 10-311] analyzing module D_FF_805
INFO: [VRFC 10-311] analyzing module D_FF_806
INFO: [VRFC 10-311] analyzing module D_FF_807
INFO: [VRFC 10-311] analyzing module D_FF_808
INFO: [VRFC 10-311] analyzing module D_FF_809
INFO: [VRFC 10-311] analyzing module D_FF_810
INFO: [VRFC 10-311] analyzing module D_FF_811
INFO: [VRFC 10-311] analyzing module D_FF_812
INFO: [VRFC 10-311] analyzing module D_FF_813
INFO: [VRFC 10-311] analyzing module D_FF_814
INFO: [VRFC 10-311] analyzing module D_FF_815
INFO: [VRFC 10-311] analyzing module D_FF_816
INFO: [VRFC 10-311] analyzing module D_FF_817
INFO: [VRFC 10-311] analyzing module D_FF_818
INFO: [VRFC 10-311] analyzing module D_FF_84
INFO: [VRFC 10-311] analyzing module D_FF_85
INFO: [VRFC 10-311] analyzing module D_FF_851
INFO: [VRFC 10-311] analyzing module D_FF_852
INFO: [VRFC 10-311] analyzing module D_FF_853
INFO: [VRFC 10-311] analyzing module D_FF_854
INFO: [VRFC 10-311] analyzing module D_FF_855
INFO: [VRFC 10-311] analyzing module D_FF_856
INFO: [VRFC 10-311] analyzing module D_FF_857
INFO: [VRFC 10-311] analyzing module D_FF_858
INFO: [VRFC 10-311] analyzing module D_FF_859
INFO: [VRFC 10-311] analyzing module D_FF_86
INFO: [VRFC 10-311] analyzing module D_FF_860
INFO: [VRFC 10-311] analyzing module D_FF_861
INFO: [VRFC 10-311] analyzing module D_FF_862
INFO: [VRFC 10-311] analyzing module D_FF_863
INFO: [VRFC 10-311] analyzing module D_FF_864
INFO: [VRFC 10-311] analyzing module D_FF_865
INFO: [VRFC 10-311] analyzing module D_FF_866
INFO: [VRFC 10-311] analyzing module D_FF_867
INFO: [VRFC 10-311] analyzing module D_FF_868
INFO: [VRFC 10-311] analyzing module D_FF_869
INFO: [VRFC 10-311] analyzing module D_FF_87
INFO: [VRFC 10-311] analyzing module D_FF_870
INFO: [VRFC 10-311] analyzing module D_FF_871
INFO: [VRFC 10-311] analyzing module D_FF_872
INFO: [VRFC 10-311] analyzing module D_FF_873
INFO: [VRFC 10-311] analyzing module D_FF_874
INFO: [VRFC 10-311] analyzing module D_FF_875
INFO: [VRFC 10-311] analyzing module D_FF_876
INFO: [VRFC 10-311] analyzing module D_FF_877
INFO: [VRFC 10-311] analyzing module D_FF_878
INFO: [VRFC 10-311] analyzing module D_FF_879
INFO: [VRFC 10-311] analyzing module D_FF_88
INFO: [VRFC 10-311] analyzing module D_FF_880
INFO: [VRFC 10-311] analyzing module D_FF_881
INFO: [VRFC 10-311] analyzing module D_FF_882
INFO: [VRFC 10-311] analyzing module D_FF_89
INFO: [VRFC 10-311] analyzing module D_FF_90
INFO: [VRFC 10-311] analyzing module D_FF_91
INFO: [VRFC 10-311] analyzing module D_FF_915
INFO: [VRFC 10-311] analyzing module D_FF_916
INFO: [VRFC 10-311] analyzing module D_FF_917
INFO: [VRFC 10-311] analyzing module D_FF_918
INFO: [VRFC 10-311] analyzing module D_FF_919
INFO: [VRFC 10-311] analyzing module D_FF_92
INFO: [VRFC 10-311] analyzing module D_FF_920
INFO: [VRFC 10-311] analyzing module D_FF_921
INFO: [VRFC 10-311] analyzing module D_FF_922
INFO: [VRFC 10-311] analyzing module D_FF_923
INFO: [VRFC 10-311] analyzing module D_FF_924
INFO: [VRFC 10-311] analyzing module D_FF_925
INFO: [VRFC 10-311] analyzing module D_FF_926
INFO: [VRFC 10-311] analyzing module D_FF_927
INFO: [VRFC 10-311] analyzing module D_FF_928
INFO: [VRFC 10-311] analyzing module D_FF_929
INFO: [VRFC 10-311] analyzing module D_FF_93
INFO: [VRFC 10-311] analyzing module D_FF_930
INFO: [VRFC 10-311] analyzing module D_FF_931
INFO: [VRFC 10-311] analyzing module D_FF_932
INFO: [VRFC 10-311] analyzing module D_FF_933
INFO: [VRFC 10-311] analyzing module D_FF_934
INFO: [VRFC 10-311] analyzing module D_FF_935
INFO: [VRFC 10-311] analyzing module D_FF_936
INFO: [VRFC 10-311] analyzing module D_FF_937
INFO: [VRFC 10-311] analyzing module D_FF_938
INFO: [VRFC 10-311] analyzing module D_FF_939
INFO: [VRFC 10-311] analyzing module D_FF_94
INFO: [VRFC 10-311] analyzing module D_FF_940
INFO: [VRFC 10-311] analyzing module D_FF_941
INFO: [VRFC 10-311] analyzing module D_FF_942
INFO: [VRFC 10-311] analyzing module D_FF_943
INFO: [VRFC 10-311] analyzing module D_FF_944
INFO: [VRFC 10-311] analyzing module D_FF_945
INFO: [VRFC 10-311] analyzing module D_FF_946
INFO: [VRFC 10-311] analyzing module D_FF_95
INFO: [VRFC 10-311] analyzing module D_FF_96
INFO: [VRFC 10-311] analyzing module D_FF_97
INFO: [VRFC 10-311] analyzing module D_FF_979
INFO: [VRFC 10-311] analyzing module D_FF_98
INFO: [VRFC 10-311] analyzing module D_FF_980
INFO: [VRFC 10-311] analyzing module D_FF_981
INFO: [VRFC 10-311] analyzing module D_FF_982
INFO: [VRFC 10-311] analyzing module D_FF_983
INFO: [VRFC 10-311] analyzing module D_FF_984
INFO: [VRFC 10-311] analyzing module D_FF_985
INFO: [VRFC 10-311] analyzing module D_FF_986
INFO: [VRFC 10-311] analyzing module D_FF_987
INFO: [VRFC 10-311] analyzing module D_FF_988
INFO: [VRFC 10-311] analyzing module D_FF_989
INFO: [VRFC 10-311] analyzing module D_FF_99
INFO: [VRFC 10-311] analyzing module D_FF_990
INFO: [VRFC 10-311] analyzing module D_FF_991
INFO: [VRFC 10-311] analyzing module D_FF_992
INFO: [VRFC 10-311] analyzing module D_FF_993
INFO: [VRFC 10-311] analyzing module D_FF_994
INFO: [VRFC 10-311] analyzing module D_FF_995
INFO: [VRFC 10-311] analyzing module D_FF_996
INFO: [VRFC 10-311] analyzing module D_FF_997
INFO: [VRFC 10-311] analyzing module D_FF_998
INFO: [VRFC 10-311] analyzing module D_FF_999
INFO: [VRFC 10-311] analyzing module MIPSpipeline
INFO: [VRFC 10-311] analyzing module RegBit
INFO: [VRFC 10-311] analyzing module RegBit_0
INFO: [VRFC 10-311] analyzing module RegBit_1
INFO: [VRFC 10-311] analyzing module RegBit_10
INFO: [VRFC 10-311] analyzing module RegBit_1074
INFO: [VRFC 10-311] analyzing module RegBit_1075
INFO: [VRFC 10-311] analyzing module RegBit_1076
INFO: [VRFC 10-311] analyzing module RegBit_1077
INFO: [VRFC 10-311] analyzing module RegBit_1088
INFO: [VRFC 10-311] analyzing module RegBit_1089
INFO: [VRFC 10-311] analyzing module RegBit_1090
INFO: [VRFC 10-311] analyzing module RegBit_1091
INFO: [VRFC 10-311] analyzing module RegBit_1092
INFO: [VRFC 10-311] analyzing module RegBit_1093
INFO: [VRFC 10-311] analyzing module RegBit_1094
INFO: [VRFC 10-311] analyzing module RegBit_1095
INFO: [VRFC 10-311] analyzing module RegBit_1096
INFO: [VRFC 10-311] analyzing module RegBit_1097
INFO: [VRFC 10-311] analyzing module RegBit_1098
INFO: [VRFC 10-311] analyzing module RegBit_1099
INFO: [VRFC 10-311] analyzing module RegBit_11
INFO: [VRFC 10-311] analyzing module RegBit_1100
INFO: [VRFC 10-311] analyzing module RegBit_1101
INFO: [VRFC 10-311] analyzing module RegBit_1102
INFO: [VRFC 10-311] analyzing module RegBit_1103
INFO: [VRFC 10-311] analyzing module RegBit_1104
INFO: [VRFC 10-311] analyzing module RegBit_1105
INFO: [VRFC 10-311] analyzing module RegBit_1106
INFO: [VRFC 10-311] analyzing module RegBit_1107
INFO: [VRFC 10-311] analyzing module RegBit_1108
INFO: [VRFC 10-311] analyzing module RegBit_1109
INFO: [VRFC 10-311] analyzing module RegBit_1110
INFO: [VRFC 10-311] analyzing module RegBit_1111
INFO: [VRFC 10-311] analyzing module RegBit_1112
INFO: [VRFC 10-311] analyzing module RegBit_1113
INFO: [VRFC 10-311] analyzing module RegBit_1114
INFO: [VRFC 10-311] analyzing module RegBit_1115
INFO: [VRFC 10-311] analyzing module RegBit_1116
INFO: [VRFC 10-311] analyzing module RegBit_1117
INFO: [VRFC 10-311] analyzing module RegBit_1118
INFO: [VRFC 10-311] analyzing module RegBit_1119
INFO: [VRFC 10-311] analyzing module RegBit_115
INFO: [VRFC 10-311] analyzing module RegBit_1153
INFO: [VRFC 10-311] analyzing module RegBit_1154
INFO: [VRFC 10-311] analyzing module RegBit_1155
INFO: [VRFC 10-311] analyzing module RegBit_1156
INFO: [VRFC 10-311] analyzing module RegBit_1157
INFO: [VRFC 10-311] analyzing module RegBit_1158
INFO: [VRFC 10-311] analyzing module RegBit_1159
INFO: [VRFC 10-311] analyzing module RegBit_116
INFO: [VRFC 10-311] analyzing module RegBit_1160
INFO: [VRFC 10-311] analyzing module RegBit_1161
INFO: [VRFC 10-311] analyzing module RegBit_1162
INFO: [VRFC 10-311] analyzing module RegBit_1163
INFO: [VRFC 10-311] analyzing module RegBit_1164
INFO: [VRFC 10-311] analyzing module RegBit_1165
INFO: [VRFC 10-311] analyzing module RegBit_1166
INFO: [VRFC 10-311] analyzing module RegBit_1167
INFO: [VRFC 10-311] analyzing module RegBit_1168
INFO: [VRFC 10-311] analyzing module RegBit_1169
INFO: [VRFC 10-311] analyzing module RegBit_117
INFO: [VRFC 10-311] analyzing module RegBit_1170
INFO: [VRFC 10-311] analyzing module RegBit_1171
INFO: [VRFC 10-311] analyzing module RegBit_1172
INFO: [VRFC 10-311] analyzing module RegBit_1173
INFO: [VRFC 10-311] analyzing module RegBit_1174
INFO: [VRFC 10-311] analyzing module RegBit_1175
INFO: [VRFC 10-311] analyzing module RegBit_1176
INFO: [VRFC 10-311] analyzing module RegBit_1177
INFO: [VRFC 10-311] analyzing module RegBit_1178
INFO: [VRFC 10-311] analyzing module RegBit_1179
INFO: [VRFC 10-311] analyzing module RegBit_118
INFO: [VRFC 10-311] analyzing module RegBit_1180
INFO: [VRFC 10-311] analyzing module RegBit_1181
INFO: [VRFC 10-311] analyzing module RegBit_1182
INFO: [VRFC 10-311] analyzing module RegBit_1183
INFO: [VRFC 10-311] analyzing module RegBit_1184
INFO: [VRFC 10-311] analyzing module RegBit_119
INFO: [VRFC 10-311] analyzing module RegBit_120
INFO: [VRFC 10-311] analyzing module RegBit_121
INFO: [VRFC 10-311] analyzing module RegBit_1218
INFO: [VRFC 10-311] analyzing module RegBit_1219
INFO: [VRFC 10-311] analyzing module RegBit_122
INFO: [VRFC 10-311] analyzing module RegBit_1220
INFO: [VRFC 10-311] analyzing module RegBit_1221
INFO: [VRFC 10-311] analyzing module RegBit_1226
INFO: [VRFC 10-311] analyzing module RegBit_1227
INFO: [VRFC 10-311] analyzing module RegBit_1228
INFO: [VRFC 10-311] analyzing module RegBit_1229
INFO: [VRFC 10-311] analyzing module RegBit_123
INFO: [VRFC 10-311] analyzing module RegBit_1230
INFO: [VRFC 10-311] analyzing module RegBit_1231
INFO: [VRFC 10-311] analyzing module RegBit_1232
INFO: [VRFC 10-311] analyzing module RegBit_1233
INFO: [VRFC 10-311] analyzing module RegBit_1234
INFO: [VRFC 10-311] analyzing module RegBit_1235
INFO: [VRFC 10-311] analyzing module RegBit_1236
INFO: [VRFC 10-311] analyzing module RegBit_1237
INFO: [VRFC 10-311] analyzing module RegBit_1238
INFO: [VRFC 10-311] analyzing module RegBit_1239
INFO: [VRFC 10-311] analyzing module RegBit_124
INFO: [VRFC 10-311] analyzing module RegBit_1240
INFO: [VRFC 10-311] analyzing module RegBit_1241
INFO: [VRFC 10-311] analyzing module RegBit_1242
INFO: [VRFC 10-311] analyzing module RegBit_1243
INFO: [VRFC 10-311] analyzing module RegBit_1244
INFO: [VRFC 10-311] analyzing module RegBit_1245
INFO: [VRFC 10-311] analyzing module RegBit_1246
INFO: [VRFC 10-311] analyzing module RegBit_1247
INFO: [VRFC 10-311] analyzing module RegBit_125
INFO: [VRFC 10-311] analyzing module RegBit_126
INFO: [VRFC 10-311] analyzing module RegBit_127
INFO: [VRFC 10-311] analyzing module RegBit_1270
INFO: [VRFC 10-311] analyzing module RegBit_1271
INFO: [VRFC 10-311] analyzing module RegBit_1272
INFO: [VRFC 10-311] analyzing module RegBit_1273
INFO: [VRFC 10-311] analyzing module RegBit_1274
INFO: [VRFC 10-311] analyzing module RegBit_1275
INFO: [VRFC 10-311] analyzing module RegBit_1276
INFO: [VRFC 10-311] analyzing module RegBit_1277
INFO: [VRFC 10-311] analyzing module RegBit_128
INFO: [VRFC 10-311] analyzing module RegBit_1288
INFO: [VRFC 10-311] analyzing module RegBit_1289
INFO: [VRFC 10-311] analyzing module RegBit_129
INFO: [VRFC 10-311] analyzing module RegBit_1290
INFO: [VRFC 10-311] analyzing module RegBit_1291
INFO: [VRFC 10-311] analyzing module RegBit_1292
INFO: [VRFC 10-311] analyzing module RegBit_1293
INFO: [VRFC 10-311] analyzing module RegBit_1294
INFO: [VRFC 10-311] analyzing module RegBit_1295
INFO: [VRFC 10-311] analyzing module RegBit_1296
INFO: [VRFC 10-311] analyzing module RegBit_1297
INFO: [VRFC 10-311] analyzing module RegBit_1298
INFO: [VRFC 10-311] analyzing module RegBit_1299
INFO: [VRFC 10-311] analyzing module RegBit_13
INFO: [VRFC 10-311] analyzing module RegBit_130
INFO: [VRFC 10-311] analyzing module RegBit_1300
INFO: [VRFC 10-311] analyzing module RegBit_1301
INFO: [VRFC 10-311] analyzing module RegBit_1302
INFO: [VRFC 10-311] analyzing module RegBit_1303
INFO: [VRFC 10-311] analyzing module RegBit_1304
INFO: [VRFC 10-311] analyzing module RegBit_1305
INFO: [VRFC 10-311] analyzing module RegBit_1306
INFO: [VRFC 10-311] analyzing module RegBit_1307
INFO: [VRFC 10-311] analyzing module RegBit_1308
INFO: [VRFC 10-311] analyzing module RegBit_1309
INFO: [VRFC 10-311] analyzing module RegBit_131
INFO: [VRFC 10-311] analyzing module RegBit_1310
INFO: [VRFC 10-311] analyzing module RegBit_1311
INFO: [VRFC 10-311] analyzing module RegBit_1312
INFO: [VRFC 10-311] analyzing module RegBit_1313
INFO: [VRFC 10-311] analyzing module RegBit_1314
INFO: [VRFC 10-311] analyzing module RegBit_1315
INFO: [VRFC 10-311] analyzing module RegBit_1316
INFO: [VRFC 10-311] analyzing module RegBit_1317
INFO: [VRFC 10-311] analyzing module RegBit_1318
INFO: [VRFC 10-311] analyzing module RegBit_1319
INFO: [VRFC 10-311] analyzing module RegBit_132
INFO: [VRFC 10-311] analyzing module RegBit_133
INFO: [VRFC 10-311] analyzing module RegBit_134
INFO: [VRFC 10-311] analyzing module RegBit_135
INFO: [VRFC 10-311] analyzing module RegBit_1352
INFO: [VRFC 10-311] analyzing module RegBit_1353
INFO: [VRFC 10-311] analyzing module RegBit_1354
INFO: [VRFC 10-311] analyzing module RegBit_1355
INFO: [VRFC 10-311] analyzing module RegBit_1356
INFO: [VRFC 10-311] analyzing module RegBit_1357
INFO: [VRFC 10-311] analyzing module RegBit_1358
INFO: [VRFC 10-311] analyzing module RegBit_1359
INFO: [VRFC 10-311] analyzing module RegBit_136
INFO: [VRFC 10-311] analyzing module RegBit_1360
INFO: [VRFC 10-311] analyzing module RegBit_1361
INFO: [VRFC 10-311] analyzing module RegBit_1362
INFO: [VRFC 10-311] analyzing module RegBit_1363
INFO: [VRFC 10-311] analyzing module RegBit_1364
INFO: [VRFC 10-311] analyzing module RegBit_1365
INFO: [VRFC 10-311] analyzing module RegBit_1366
INFO: [VRFC 10-311] analyzing module RegBit_1367
INFO: [VRFC 10-311] analyzing module RegBit_1368
INFO: [VRFC 10-311] analyzing module RegBit_1369
INFO: [VRFC 10-311] analyzing module RegBit_137
INFO: [VRFC 10-311] analyzing module RegBit_1370
INFO: [VRFC 10-311] analyzing module RegBit_1371
INFO: [VRFC 10-311] analyzing module RegBit_1372
INFO: [VRFC 10-311] analyzing module RegBit_1373
INFO: [VRFC 10-311] analyzing module RegBit_1374
INFO: [VRFC 10-311] analyzing module RegBit_1375
INFO: [VRFC 10-311] analyzing module RegBit_1376
INFO: [VRFC 10-311] analyzing module RegBit_1377
INFO: [VRFC 10-311] analyzing module RegBit_1378
INFO: [VRFC 10-311] analyzing module RegBit_1379
INFO: [VRFC 10-311] analyzing module RegBit_138
INFO: [VRFC 10-311] analyzing module RegBit_1380
INFO: [VRFC 10-311] analyzing module RegBit_1381
INFO: [VRFC 10-311] analyzing module RegBit_1382
INFO: [VRFC 10-311] analyzing module RegBit_1383
INFO: [VRFC 10-311] analyzing module RegBit_139
INFO: [VRFC 10-311] analyzing module RegBit_14
INFO: [VRFC 10-311] analyzing module RegBit_140
INFO: [VRFC 10-311] analyzing module RegBit_141
INFO: [VRFC 10-311] analyzing module RegBit_1416
INFO: [VRFC 10-311] analyzing module RegBit_1417
INFO: [VRFC 10-311] analyzing module RegBit_1418
INFO: [VRFC 10-311] analyzing module RegBit_1419
INFO: [VRFC 10-311] analyzing module RegBit_142
INFO: [VRFC 10-311] analyzing module RegBit_1428
INFO: [VRFC 10-311] analyzing module RegBit_1429
INFO: [VRFC 10-311] analyzing module RegBit_143
INFO: [VRFC 10-311] analyzing module RegBit_1430
INFO: [VRFC 10-311] analyzing module RegBit_1431
INFO: [VRFC 10-311] analyzing module RegBit_1432
INFO: [VRFC 10-311] analyzing module RegBit_1433
INFO: [VRFC 10-311] analyzing module RegBit_1434
INFO: [VRFC 10-311] analyzing module RegBit_1435
INFO: [VRFC 10-311] analyzing module RegBit_1436
INFO: [VRFC 10-311] analyzing module RegBit_1437
INFO: [VRFC 10-311] analyzing module RegBit_1438
INFO: [VRFC 10-311] analyzing module RegBit_144
INFO: [VRFC 10-311] analyzing module RegBit_145
INFO: [VRFC 10-311] analyzing module RegBit_1459
INFO: [VRFC 10-311] analyzing module RegBit_146
INFO: [VRFC 10-311] analyzing module RegBit_1460
INFO: [VRFC 10-311] analyzing module RegBit_1461
INFO: [VRFC 10-311] analyzing module RegBit_1462
INFO: [VRFC 10-311] analyzing module RegBit_1463
INFO: [VRFC 10-311] analyzing module RegBit_1464
INFO: [VRFC 10-311] analyzing module RegBit_1465
INFO: [VRFC 10-311] analyzing module RegBit_1466
INFO: [VRFC 10-311] analyzing module RegBit_1467
INFO: [VRFC 10-311] analyzing module RegBit_1468
INFO: [VRFC 10-311] analyzing module RegBit_1469
INFO: [VRFC 10-311] analyzing module RegBit_1470
INFO: [VRFC 10-311] analyzing module RegBit_1471
INFO: [VRFC 10-311] analyzing module RegBit_1472
INFO: [VRFC 10-311] analyzing module RegBit_1473
INFO: [VRFC 10-311] analyzing module RegBit_1474
INFO: [VRFC 10-311] analyzing module RegBit_1475
INFO: [VRFC 10-311] analyzing module RegBit_1476
INFO: [VRFC 10-311] analyzing module RegBit_1477
INFO: [VRFC 10-311] analyzing module RegBit_1478
INFO: [VRFC 10-311] analyzing module RegBit_1479
INFO: [VRFC 10-311] analyzing module RegBit_1480
INFO: [VRFC 10-311] analyzing module RegBit_1481
INFO: [VRFC 10-311] analyzing module RegBit_1482
INFO: [VRFC 10-311] analyzing module RegBit_1483
INFO: [VRFC 10-311] analyzing module RegBit_1484
INFO: [VRFC 10-311] analyzing module RegBit_1485
INFO: [VRFC 10-311] analyzing module RegBit_1486
INFO: [VRFC 10-311] analyzing module RegBit_1487
INFO: [VRFC 10-311] analyzing module RegBit_1488
INFO: [VRFC 10-311] analyzing module RegBit_1489
INFO: [VRFC 10-311] analyzing module RegBit_1490
INFO: [VRFC 10-311] analyzing module RegBit_15
INFO: [VRFC 10-311] analyzing module RegBit_1526
INFO: [VRFC 10-311] analyzing module RegBit_1527
INFO: [VRFC 10-311] analyzing module RegBit_1528
INFO: [VRFC 10-311] analyzing module RegBit_1529
INFO: [VRFC 10-311] analyzing module RegBit_1530
INFO: [VRFC 10-311] analyzing module RegBit_1531
INFO: [VRFC 10-311] analyzing module RegBit_1532
INFO: [VRFC 10-311] analyzing module RegBit_1533
INFO: [VRFC 10-311] analyzing module RegBit_1534
INFO: [VRFC 10-311] analyzing module RegBit_1535
INFO: [VRFC 10-311] analyzing module RegBit_1536
INFO: [VRFC 10-311] analyzing module RegBit_1537
INFO: [VRFC 10-311] analyzing module RegBit_1538
INFO: [VRFC 10-311] analyzing module RegBit_1539
INFO: [VRFC 10-311] analyzing module RegBit_1540
INFO: [VRFC 10-311] analyzing module RegBit_1541
INFO: [VRFC 10-311] analyzing module RegBit_1542
INFO: [VRFC 10-311] analyzing module RegBit_1543
INFO: [VRFC 10-311] analyzing module RegBit_1544
INFO: [VRFC 10-311] analyzing module RegBit_1545
INFO: [VRFC 10-311] analyzing module RegBit_1546
INFO: [VRFC 10-311] analyzing module RegBit_1547
INFO: [VRFC 10-311] analyzing module RegBit_1548
INFO: [VRFC 10-311] analyzing module RegBit_1549
INFO: [VRFC 10-311] analyzing module RegBit_1550
INFO: [VRFC 10-311] analyzing module RegBit_1551
INFO: [VRFC 10-311] analyzing module RegBit_1552
INFO: [VRFC 10-311] analyzing module RegBit_1553
INFO: [VRFC 10-311] analyzing module RegBit_1554
INFO: [VRFC 10-311] analyzing module RegBit_1555
INFO: [VRFC 10-311] analyzing module RegBit_1556
INFO: [VRFC 10-311] analyzing module RegBit_1557
INFO: [VRFC 10-311] analyzing module RegBit_16
INFO: [VRFC 10-311] analyzing module RegBit_179
INFO: [VRFC 10-311] analyzing module RegBit_180
INFO: [VRFC 10-311] analyzing module RegBit_181
INFO: [VRFC 10-311] analyzing module RegBit_182
INFO: [VRFC 10-311] analyzing module RegBit_183
INFO: [VRFC 10-311] analyzing module RegBit_184
INFO: [VRFC 10-311] analyzing module RegBit_185
INFO: [VRFC 10-311] analyzing module RegBit_186
INFO: [VRFC 10-311] analyzing module RegBit_187
INFO: [VRFC 10-311] analyzing module RegBit_188
INFO: [VRFC 10-311] analyzing module RegBit_189
INFO: [VRFC 10-311] analyzing module RegBit_190
INFO: [VRFC 10-311] analyzing module RegBit_191
INFO: [VRFC 10-311] analyzing module RegBit_192
INFO: [VRFC 10-311] analyzing module RegBit_193
INFO: [VRFC 10-311] analyzing module RegBit_194
INFO: [VRFC 10-311] analyzing module RegBit_195
INFO: [VRFC 10-311] analyzing module RegBit_196
INFO: [VRFC 10-311] analyzing module RegBit_197
INFO: [VRFC 10-311] analyzing module RegBit_198
INFO: [VRFC 10-311] analyzing module RegBit_199
INFO: [VRFC 10-311] analyzing module RegBit_20
INFO: [VRFC 10-311] analyzing module RegBit_200
INFO: [VRFC 10-311] analyzing module RegBit_201
INFO: [VRFC 10-311] analyzing module RegBit_202
INFO: [VRFC 10-311] analyzing module RegBit_203
INFO: [VRFC 10-311] analyzing module RegBit_204
INFO: [VRFC 10-311] analyzing module RegBit_205
INFO: [VRFC 10-311] analyzing module RegBit_206
INFO: [VRFC 10-311] analyzing module RegBit_207
INFO: [VRFC 10-311] analyzing module RegBit_208
INFO: [VRFC 10-311] analyzing module RegBit_209
INFO: [VRFC 10-311] analyzing module RegBit_21
INFO: [VRFC 10-311] analyzing module RegBit_210
INFO: [VRFC 10-311] analyzing module RegBit_243
INFO: [VRFC 10-311] analyzing module RegBit_244
INFO: [VRFC 10-311] analyzing module RegBit_245
INFO: [VRFC 10-311] analyzing module RegBit_246
INFO: [VRFC 10-311] analyzing module RegBit_247
INFO: [VRFC 10-311] analyzing module RegBit_248
INFO: [VRFC 10-311] analyzing module RegBit_249
INFO: [VRFC 10-311] analyzing module RegBit_25
INFO: [VRFC 10-311] analyzing module RegBit_250
INFO: [VRFC 10-311] analyzing module RegBit_251
INFO: [VRFC 10-311] analyzing module RegBit_252
INFO: [VRFC 10-311] analyzing module RegBit_253
INFO: [VRFC 10-311] analyzing module RegBit_254
INFO: [VRFC 10-311] analyzing module RegBit_255
INFO: [VRFC 10-311] analyzing module RegBit_256
INFO: [VRFC 10-311] analyzing module RegBit_257
INFO: [VRFC 10-311] analyzing module RegBit_258
INFO: [VRFC 10-311] analyzing module RegBit_259
INFO: [VRFC 10-311] analyzing module RegBit_260
INFO: [VRFC 10-311] analyzing module RegBit_261
INFO: [VRFC 10-311] analyzing module RegBit_262
INFO: [VRFC 10-311] analyzing module RegBit_263
INFO: [VRFC 10-311] analyzing module RegBit_264
INFO: [VRFC 10-311] analyzing module RegBit_265
INFO: [VRFC 10-311] analyzing module RegBit_266
INFO: [VRFC 10-311] analyzing module RegBit_267
INFO: [VRFC 10-311] analyzing module RegBit_268
INFO: [VRFC 10-311] analyzing module RegBit_269
INFO: [VRFC 10-311] analyzing module RegBit_27
INFO: [VRFC 10-311] analyzing module RegBit_270
INFO: [VRFC 10-311] analyzing module RegBit_271
INFO: [VRFC 10-311] analyzing module RegBit_272
INFO: [VRFC 10-311] analyzing module RegBit_273
INFO: [VRFC 10-311] analyzing module RegBit_274
INFO: [VRFC 10-311] analyzing module RegBit_29
INFO: [VRFC 10-311] analyzing module RegBit_3
INFO: [VRFC 10-311] analyzing module RegBit_30
INFO: [VRFC 10-311] analyzing module RegBit_307
INFO: [VRFC 10-311] analyzing module RegBit_308
INFO: [VRFC 10-311] analyzing module RegBit_309
INFO: [VRFC 10-311] analyzing module RegBit_31
INFO: [VRFC 10-311] analyzing module RegBit_310
INFO: [VRFC 10-311] analyzing module RegBit_311
INFO: [VRFC 10-311] analyzing module RegBit_312
INFO: [VRFC 10-311] analyzing module RegBit_313
INFO: [VRFC 10-311] analyzing module RegBit_314
INFO: [VRFC 10-311] analyzing module RegBit_315
INFO: [VRFC 10-311] analyzing module RegBit_316
INFO: [VRFC 10-311] analyzing module RegBit_317
INFO: [VRFC 10-311] analyzing module RegBit_318
INFO: [VRFC 10-311] analyzing module RegBit_319
INFO: [VRFC 10-311] analyzing module RegBit_32
INFO: [VRFC 10-311] analyzing module RegBit_320
INFO: [VRFC 10-311] analyzing module RegBit_321
INFO: [VRFC 10-311] analyzing module RegBit_322
INFO: [VRFC 10-311] analyzing module RegBit_323
INFO: [VRFC 10-311] analyzing module RegBit_324
INFO: [VRFC 10-311] analyzing module RegBit_325
INFO: [VRFC 10-311] analyzing module RegBit_326
INFO: [VRFC 10-311] analyzing module RegBit_327
INFO: [VRFC 10-311] analyzing module RegBit_328
INFO: [VRFC 10-311] analyzing module RegBit_329
INFO: [VRFC 10-311] analyzing module RegBit_33
INFO: [VRFC 10-311] analyzing module RegBit_330
INFO: [VRFC 10-311] analyzing module RegBit_331
INFO: [VRFC 10-311] analyzing module RegBit_332
INFO: [VRFC 10-311] analyzing module RegBit_333
INFO: [VRFC 10-311] analyzing module RegBit_334
INFO: [VRFC 10-311] analyzing module RegBit_335
INFO: [VRFC 10-311] analyzing module RegBit_336
INFO: [VRFC 10-311] analyzing module RegBit_337
INFO: [VRFC 10-311] analyzing module RegBit_338
INFO: [VRFC 10-311] analyzing module RegBit_34
INFO: [VRFC 10-311] analyzing module RegBit_371
INFO: [VRFC 10-311] analyzing module RegBit_372
INFO: [VRFC 10-311] analyzing module RegBit_373
INFO: [VRFC 10-311] analyzing module RegBit_374
INFO: [VRFC 10-311] analyzing module RegBit_375
INFO: [VRFC 10-311] analyzing module RegBit_376
INFO: [VRFC 10-311] analyzing module RegBit_377
INFO: [VRFC 10-311] analyzing module RegBit_378
INFO: [VRFC 10-311] analyzing module RegBit_379
INFO: [VRFC 10-311] analyzing module RegBit_380
INFO: [VRFC 10-311] analyzing module RegBit_381
INFO: [VRFC 10-311] analyzing module RegBit_382
INFO: [VRFC 10-311] analyzing module RegBit_383
INFO: [VRFC 10-311] analyzing module RegBit_384
INFO: [VRFC 10-311] analyzing module RegBit_385
INFO: [VRFC 10-311] analyzing module RegBit_386
INFO: [VRFC 10-311] analyzing module RegBit_387
INFO: [VRFC 10-311] analyzing module RegBit_388
INFO: [VRFC 10-311] analyzing module RegBit_389
INFO: [VRFC 10-311] analyzing module RegBit_390
INFO: [VRFC 10-311] analyzing module RegBit_391
INFO: [VRFC 10-311] analyzing module RegBit_392
INFO: [VRFC 10-311] analyzing module RegBit_393
INFO: [VRFC 10-311] analyzing module RegBit_394
INFO: [VRFC 10-311] analyzing module RegBit_395
INFO: [VRFC 10-311] analyzing module RegBit_396
INFO: [VRFC 10-311] analyzing module RegBit_397
INFO: [VRFC 10-311] analyzing module RegBit_398
INFO: [VRFC 10-311] analyzing module RegBit_399
INFO: [VRFC 10-311] analyzing module RegBit_4
INFO: [VRFC 10-311] analyzing module RegBit_400
INFO: [VRFC 10-311] analyzing module RegBit_401
INFO: [VRFC 10-311] analyzing module RegBit_402
INFO: [VRFC 10-311] analyzing module RegBit_435
INFO: [VRFC 10-311] analyzing module RegBit_436
INFO: [VRFC 10-311] analyzing module RegBit_437
INFO: [VRFC 10-311] analyzing module RegBit_438
INFO: [VRFC 10-311] analyzing module RegBit_439
INFO: [VRFC 10-311] analyzing module RegBit_440
INFO: [VRFC 10-311] analyzing module RegBit_441
INFO: [VRFC 10-311] analyzing module RegBit_442
INFO: [VRFC 10-311] analyzing module RegBit_443
INFO: [VRFC 10-311] analyzing module RegBit_444
INFO: [VRFC 10-311] analyzing module RegBit_445
INFO: [VRFC 10-311] analyzing module RegBit_446
INFO: [VRFC 10-311] analyzing module RegBit_447
INFO: [VRFC 10-311] analyzing module RegBit_448
INFO: [VRFC 10-311] analyzing module RegBit_449
INFO: [VRFC 10-311] analyzing module RegBit_450
INFO: [VRFC 10-311] analyzing module RegBit_451
INFO: [VRFC 10-311] analyzing module RegBit_452
INFO: [VRFC 10-311] analyzing module RegBit_453
INFO: [VRFC 10-311] analyzing module RegBit_454
INFO: [VRFC 10-311] analyzing module RegBit_455
INFO: [VRFC 10-311] analyzing module RegBit_456
INFO: [VRFC 10-311] analyzing module RegBit_457
INFO: [VRFC 10-311] analyzing module RegBit_458
INFO: [VRFC 10-311] analyzing module RegBit_459
INFO: [VRFC 10-311] analyzing module RegBit_460
INFO: [VRFC 10-311] analyzing module RegBit_461
INFO: [VRFC 10-311] analyzing module RegBit_462
INFO: [VRFC 10-311] analyzing module RegBit_463
INFO: [VRFC 10-311] analyzing module RegBit_464
INFO: [VRFC 10-311] analyzing module RegBit_465
INFO: [VRFC 10-311] analyzing module RegBit_466
INFO: [VRFC 10-311] analyzing module RegBit_499
INFO: [VRFC 10-311] analyzing module RegBit_5
INFO: [VRFC 10-311] analyzing module RegBit_500
INFO: [VRFC 10-311] analyzing module RegBit_501
INFO: [VRFC 10-311] analyzing module RegBit_502
INFO: [VRFC 10-311] analyzing module RegBit_503
INFO: [VRFC 10-311] analyzing module RegBit_504
INFO: [VRFC 10-311] analyzing module RegBit_505
INFO: [VRFC 10-311] analyzing module RegBit_506
INFO: [VRFC 10-311] analyzing module RegBit_507
INFO: [VRFC 10-311] analyzing module RegBit_508
INFO: [VRFC 10-311] analyzing module RegBit_509
INFO: [VRFC 10-311] analyzing module RegBit_510
INFO: [VRFC 10-311] analyzing module RegBit_511
INFO: [VRFC 10-311] analyzing module RegBit_512
INFO: [VRFC 10-311] analyzing module RegBit_513
INFO: [VRFC 10-311] analyzing module RegBit_514
INFO: [VRFC 10-311] analyzing module RegBit_515
INFO: [VRFC 10-311] analyzing module RegBit_516
INFO: [VRFC 10-311] analyzing module RegBit_517
INFO: [VRFC 10-311] analyzing module RegBit_518
INFO: [VRFC 10-311] analyzing module RegBit_519
INFO: [VRFC 10-311] analyzing module RegBit_52
INFO: [VRFC 10-311] analyzing module RegBit_520
INFO: [VRFC 10-311] analyzing module RegBit_521
INFO: [VRFC 10-311] analyzing module RegBit_522
INFO: [VRFC 10-311] analyzing module RegBit_523
INFO: [VRFC 10-311] analyzing module RegBit_524
INFO: [VRFC 10-311] analyzing module RegBit_525
INFO: [VRFC 10-311] analyzing module RegBit_526
INFO: [VRFC 10-311] analyzing module RegBit_527
INFO: [VRFC 10-311] analyzing module RegBit_528
INFO: [VRFC 10-311] analyzing module RegBit_529
INFO: [VRFC 10-311] analyzing module RegBit_53
INFO: [VRFC 10-311] analyzing module RegBit_530
INFO: [VRFC 10-311] analyzing module RegBit_54
INFO: [VRFC 10-311] analyzing module RegBit_55
INFO: [VRFC 10-311] analyzing module RegBit_56
INFO: [VRFC 10-311] analyzing module RegBit_563
INFO: [VRFC 10-311] analyzing module RegBit_564
INFO: [VRFC 10-311] analyzing module RegBit_565
INFO: [VRFC 10-311] analyzing module RegBit_566
INFO: [VRFC 10-311] analyzing module RegBit_567
INFO: [VRFC 10-311] analyzing module RegBit_568
INFO: [VRFC 10-311] analyzing module RegBit_569
INFO: [VRFC 10-311] analyzing module RegBit_57
INFO: [VRFC 10-311] analyzing module RegBit_570
INFO: [VRFC 10-311] analyzing module RegBit_571
INFO: [VRFC 10-311] analyzing module RegBit_572
INFO: [VRFC 10-311] analyzing module RegBit_573
INFO: [VRFC 10-311] analyzing module RegBit_574
INFO: [VRFC 10-311] analyzing module RegBit_575
INFO: [VRFC 10-311] analyzing module RegBit_576
INFO: [VRFC 10-311] analyzing module RegBit_577
INFO: [VRFC 10-311] analyzing module RegBit_578
INFO: [VRFC 10-311] analyzing module RegBit_579
INFO: [VRFC 10-311] analyzing module RegBit_58
INFO: [VRFC 10-311] analyzing module RegBit_580
INFO: [VRFC 10-311] analyzing module RegBit_581
INFO: [VRFC 10-311] analyzing module RegBit_582
INFO: [VRFC 10-311] analyzing module RegBit_583
INFO: [VRFC 10-311] analyzing module RegBit_584
INFO: [VRFC 10-311] analyzing module RegBit_585
INFO: [VRFC 10-311] analyzing module RegBit_586
INFO: [VRFC 10-311] analyzing module RegBit_587
INFO: [VRFC 10-311] analyzing module RegBit_588
INFO: [VRFC 10-311] analyzing module RegBit_589
INFO: [VRFC 10-311] analyzing module RegBit_59
INFO: [VRFC 10-311] analyzing module RegBit_590
INFO: [VRFC 10-311] analyzing module RegBit_591
INFO: [VRFC 10-311] analyzing module RegBit_592
INFO: [VRFC 10-311] analyzing module RegBit_593
INFO: [VRFC 10-311] analyzing module RegBit_594
INFO: [VRFC 10-311] analyzing module RegBit_6
INFO: [VRFC 10-311] analyzing module RegBit_60
INFO: [VRFC 10-311] analyzing module RegBit_61
INFO: [VRFC 10-311] analyzing module RegBit_62
INFO: [VRFC 10-311] analyzing module RegBit_627
INFO: [VRFC 10-311] analyzing module RegBit_628
INFO: [VRFC 10-311] analyzing module RegBit_629
INFO: [VRFC 10-311] analyzing module RegBit_63
INFO: [VRFC 10-311] analyzing module RegBit_630
INFO: [VRFC 10-311] analyzing module RegBit_631
INFO: [VRFC 10-311] analyzing module RegBit_632
INFO: [VRFC 10-311] analyzing module RegBit_633
INFO: [VRFC 10-311] analyzing module RegBit_634
INFO: [VRFC 10-311] analyzing module RegBit_635
INFO: [VRFC 10-311] analyzing module RegBit_636
INFO: [VRFC 10-311] analyzing module RegBit_637
INFO: [VRFC 10-311] analyzing module RegBit_638
INFO: [VRFC 10-311] analyzing module RegBit_639
INFO: [VRFC 10-311] analyzing module RegBit_64
INFO: [VRFC 10-311] analyzing module RegBit_640
INFO: [VRFC 10-311] analyzing module RegBit_641
INFO: [VRFC 10-311] analyzing module RegBit_642
INFO: [VRFC 10-311] analyzing module RegBit_643
INFO: [VRFC 10-311] analyzing module RegBit_644
INFO: [VRFC 10-311] analyzing module RegBit_645
INFO: [VRFC 10-311] analyzing module RegBit_646
INFO: [VRFC 10-311] analyzing module RegBit_647
INFO: [VRFC 10-311] analyzing module RegBit_648
INFO: [VRFC 10-311] analyzing module RegBit_649
INFO: [VRFC 10-311] analyzing module RegBit_65
INFO: [VRFC 10-311] analyzing module RegBit_650
INFO: [VRFC 10-311] analyzing module RegBit_651
INFO: [VRFC 10-311] analyzing module RegBit_652
INFO: [VRFC 10-311] analyzing module RegBit_653
INFO: [VRFC 10-311] analyzing module RegBit_654
INFO: [VRFC 10-311] analyzing module RegBit_655
INFO: [VRFC 10-311] analyzing module RegBit_656
INFO: [VRFC 10-311] analyzing module RegBit_657
INFO: [VRFC 10-311] analyzing module RegBit_658
INFO: [VRFC 10-311] analyzing module RegBit_66
INFO: [VRFC 10-311] analyzing module RegBit_67
INFO: [VRFC 10-311] analyzing module RegBit_68
INFO: [VRFC 10-311] analyzing module RegBit_69
INFO: [VRFC 10-311] analyzing module RegBit_691
INFO: [VRFC 10-311] analyzing module RegBit_692
INFO: [VRFC 10-311] analyzing module RegBit_693
INFO: [VRFC 10-311] analyzing module RegBit_694
INFO: [VRFC 10-311] analyzing module RegBit_695
INFO: [VRFC 10-311] analyzing module RegBit_696
INFO: [VRFC 10-311] analyzing module RegBit_697
INFO: [VRFC 10-311] analyzing module RegBit_698
INFO: [VRFC 10-311] analyzing module RegBit_699
INFO: [VRFC 10-311] analyzing module RegBit_7
INFO: [VRFC 10-311] analyzing module RegBit_70
INFO: [VRFC 10-311] analyzing module RegBit_700
INFO: [VRFC 10-311] analyzing module RegBit_701
INFO: [VRFC 10-311] analyzing module RegBit_702
INFO: [VRFC 10-311] analyzing module RegBit_703
INFO: [VRFC 10-311] analyzing module RegBit_704
INFO: [VRFC 10-311] analyzing module RegBit_705
INFO: [VRFC 10-311] analyzing module RegBit_706
INFO: [VRFC 10-311] analyzing module RegBit_707
INFO: [VRFC 10-311] analyzing module RegBit_708
INFO: [VRFC 10-311] analyzing module RegBit_709
INFO: [VRFC 10-311] analyzing module RegBit_71
INFO: [VRFC 10-311] analyzing module RegBit_710
INFO: [VRFC 10-311] analyzing module RegBit_711
INFO: [VRFC 10-311] analyzing module RegBit_712
INFO: [VRFC 10-311] analyzing module RegBit_713
INFO: [VRFC 10-311] analyzing module RegBit_714
INFO: [VRFC 10-311] analyzing module RegBit_715
INFO: [VRFC 10-311] analyzing module RegBit_716
INFO: [VRFC 10-311] analyzing module RegBit_717
INFO: [VRFC 10-311] analyzing module RegBit_718
INFO: [VRFC 10-311] analyzing module RegBit_719
INFO: [VRFC 10-311] analyzing module RegBit_72
INFO: [VRFC 10-311] analyzing module RegBit_720
INFO: [VRFC 10-311] analyzing module RegBit_721
INFO: [VRFC 10-311] analyzing module RegBit_722
INFO: [VRFC 10-311] analyzing module RegBit_73
INFO: [VRFC 10-311] analyzing module RegBit_74
INFO: [VRFC 10-311] analyzing module RegBit_75
INFO: [VRFC 10-311] analyzing module RegBit_755
INFO: [VRFC 10-311] analyzing module RegBit_756
INFO: [VRFC 10-311] analyzing module RegBit_757
INFO: [VRFC 10-311] analyzing module RegBit_758
INFO: [VRFC 10-311] analyzing module RegBit_759
INFO: [VRFC 10-311] analyzing module RegBit_76
INFO: [VRFC 10-311] analyzing module RegBit_760
INFO: [VRFC 10-311] analyzing module RegBit_761
INFO: [VRFC 10-311] analyzing module RegBit_762
INFO: [VRFC 10-311] analyzing module RegBit_763
INFO: [VRFC 10-311] analyzing module RegBit_764
INFO: [VRFC 10-311] analyzing module RegBit_765
INFO: [VRFC 10-311] analyzing module RegBit_766
INFO: [VRFC 10-311] analyzing module RegBit_767
INFO: [VRFC 10-311] analyzing module RegBit_768
INFO: [VRFC 10-311] analyzing module RegBit_769
INFO: [VRFC 10-311] analyzing module RegBit_77
INFO: [VRFC 10-311] analyzing module RegBit_770
INFO: [VRFC 10-311] analyzing module RegBit_771
INFO: [VRFC 10-311] analyzing module RegBit_772
INFO: [VRFC 10-311] analyzing module RegBit_773
INFO: [VRFC 10-311] analyzing module RegBit_774
INFO: [VRFC 10-311] analyzing module RegBit_775
INFO: [VRFC 10-311] analyzing module RegBit_776
INFO: [VRFC 10-311] analyzing module RegBit_777
INFO: [VRFC 10-311] analyzing module RegBit_778
INFO: [VRFC 10-311] analyzing module RegBit_779
INFO: [VRFC 10-311] analyzing module RegBit_78
INFO: [VRFC 10-311] analyzing module RegBit_780
INFO: [VRFC 10-311] analyzing module RegBit_781
INFO: [VRFC 10-311] analyzing module RegBit_782
INFO: [VRFC 10-311] analyzing module RegBit_783
INFO: [VRFC 10-311] analyzing module RegBit_784
INFO: [VRFC 10-311] analyzing module RegBit_785
INFO: [VRFC 10-311] analyzing module RegBit_786
INFO: [VRFC 10-311] analyzing module RegBit_79
INFO: [VRFC 10-311] analyzing module RegBit_8
INFO: [VRFC 10-311] analyzing module RegBit_80
INFO: [VRFC 10-311] analyzing module RegBit_81
INFO: [VRFC 10-311] analyzing module RegBit_819
INFO: [VRFC 10-311] analyzing module RegBit_82
INFO: [VRFC 10-311] analyzing module RegBit_820
INFO: [VRFC 10-311] analyzing module RegBit_821
INFO: [VRFC 10-311] analyzing module RegBit_822
INFO: [VRFC 10-311] analyzing module RegBit_823
INFO: [VRFC 10-311] analyzing module RegBit_824
INFO: [VRFC 10-311] analyzing module RegBit_825
INFO: [VRFC 10-311] analyzing module RegBit_826
INFO: [VRFC 10-311] analyzing module RegBit_827
INFO: [VRFC 10-311] analyzing module RegBit_828
INFO: [VRFC 10-311] analyzing module RegBit_829
INFO: [VRFC 10-311] analyzing module RegBit_83
INFO: [VRFC 10-311] analyzing module RegBit_830
INFO: [VRFC 10-311] analyzing module RegBit_831
INFO: [VRFC 10-311] analyzing module RegBit_832
INFO: [VRFC 10-311] analyzing module RegBit_833
INFO: [VRFC 10-311] analyzing module RegBit_834
INFO: [VRFC 10-311] analyzing module RegBit_835
INFO: [VRFC 10-311] analyzing module RegBit_836
INFO: [VRFC 10-311] analyzing module RegBit_837
INFO: [VRFC 10-311] analyzing module RegBit_838
INFO: [VRFC 10-311] analyzing module RegBit_839
INFO: [VRFC 10-311] analyzing module RegBit_840
INFO: [VRFC 10-311] analyzing module RegBit_841
INFO: [VRFC 10-311] analyzing module RegBit_842
INFO: [VRFC 10-311] analyzing module RegBit_843
INFO: [VRFC 10-311] analyzing module RegBit_844
INFO: [VRFC 10-311] analyzing module RegBit_845
INFO: [VRFC 10-311] analyzing module RegBit_846
INFO: [VRFC 10-311] analyzing module RegBit_847
INFO: [VRFC 10-311] analyzing module RegBit_848
INFO: [VRFC 10-311] analyzing module RegBit_849
INFO: [VRFC 10-311] analyzing module RegBit_850
INFO: [VRFC 10-311] analyzing module RegBit_883
INFO: [VRFC 10-311] analyzing module RegBit_884
INFO: [VRFC 10-311] analyzing module RegBit_885
INFO: [VRFC 10-311] analyzing module RegBit_886
INFO: [VRFC 10-311] analyzing module RegBit_887
INFO: [VRFC 10-311] analyzing module RegBit_888
INFO: [VRFC 10-311] analyzing module RegBit_889
INFO: [VRFC 10-311] analyzing module RegBit_890
INFO: [VRFC 10-311] analyzing module RegBit_891
INFO: [VRFC 10-311] analyzing module RegBit_892
INFO: [VRFC 10-311] analyzing module RegBit_893
INFO: [VRFC 10-311] analyzing module RegBit_894
INFO: [VRFC 10-311] analyzing module RegBit_895
INFO: [VRFC 10-311] analyzing module RegBit_896
INFO: [VRFC 10-311] analyzing module RegBit_897
INFO: [VRFC 10-311] analyzing module RegBit_898
INFO: [VRFC 10-311] analyzing module RegBit_899
INFO: [VRFC 10-311] analyzing module RegBit_9
INFO: [VRFC 10-311] analyzing module RegBit_900
INFO: [VRFC 10-311] analyzing module RegBit_901
INFO: [VRFC 10-311] analyzing module RegBit_902
INFO: [VRFC 10-311] analyzing module RegBit_903
INFO: [VRFC 10-311] analyzing module RegBit_904
INFO: [VRFC 10-311] analyzing module RegBit_905
INFO: [VRFC 10-311] analyzing module RegBit_906
INFO: [VRFC 10-311] analyzing module RegBit_907
INFO: [VRFC 10-311] analyzing module RegBit_908
INFO: [VRFC 10-311] analyzing module RegBit_909
INFO: [VRFC 10-311] analyzing module RegBit_910
INFO: [VRFC 10-311] analyzing module RegBit_911
INFO: [VRFC 10-311] analyzing module RegBit_912
INFO: [VRFC 10-311] analyzing module RegBit_913
INFO: [VRFC 10-311] analyzing module RegBit_914
INFO: [VRFC 10-311] analyzing module RegBit_947
INFO: [VRFC 10-311] analyzing module RegBit_948
INFO: [VRFC 10-311] analyzing module RegBit_949
INFO: [VRFC 10-311] analyzing module RegBit_950
INFO: [VRFC 10-311] analyzing module RegBit_951
INFO: [VRFC 10-311] analyzing module RegBit_952
INFO: [VRFC 10-311] analyzing module RegBit_953
INFO: [VRFC 10-311] analyzing module RegBit_954
INFO: [VRFC 10-311] analyzing module RegBit_955
INFO: [VRFC 10-311] analyzing module RegBit_956
INFO: [VRFC 10-311] analyzing module RegBit_957
INFO: [VRFC 10-311] analyzing module RegBit_958
INFO: [VRFC 10-311] analyzing module RegBit_959
INFO: [VRFC 10-311] analyzing module RegBit_960
INFO: [VRFC 10-311] analyzing module RegBit_961
INFO: [VRFC 10-311] analyzing module RegBit_962
INFO: [VRFC 10-311] analyzing module RegBit_963
INFO: [VRFC 10-311] analyzing module RegBit_964
INFO: [VRFC 10-311] analyzing module RegBit_965
INFO: [VRFC 10-311] analyzing module RegBit_966
INFO: [VRFC 10-311] analyzing module RegBit_967
INFO: [VRFC 10-311] analyzing module RegBit_968
INFO: [VRFC 10-311] analyzing module RegBit_969
INFO: [VRFC 10-311] analyzing module RegBit_970
INFO: [VRFC 10-311] analyzing module RegBit_971
INFO: [VRFC 10-311] analyzing module RegBit_972
INFO: [VRFC 10-311] analyzing module RegBit_973
INFO: [VRFC 10-311] analyzing module RegBit_974
INFO: [VRFC 10-311] analyzing module RegBit_975
INFO: [VRFC 10-311] analyzing module RegBit_976
INFO: [VRFC 10-311] analyzing module RegBit_977
INFO: [VRFC 10-311] analyzing module RegBit_978
INFO: [VRFC 10-311] analyzing module RegFile
INFO: [VRFC 10-311] analyzing module dataMem
INFO: [VRFC 10-311] analyzing module mux32to1
INFO: [VRFC 10-311] analyzing module mux32to1_1011
INFO: [VRFC 10-311] analyzing module mux32to1_1012
INFO: [VRFC 10-311] analyzing module mux32to1_1013
INFO: [VRFC 10-311] analyzing module mux32to1_1014
INFO: [VRFC 10-311] analyzing module mux32to1_1015
INFO: [VRFC 10-311] analyzing module mux32to1_1016
INFO: [VRFC 10-311] analyzing module mux32to1_1017
INFO: [VRFC 10-311] analyzing module mux32to1_1018
INFO: [VRFC 10-311] analyzing module mux32to1_1019
INFO: [VRFC 10-311] analyzing module mux32to1_1020
INFO: [VRFC 10-311] analyzing module mux32to1_1021
INFO: [VRFC 10-311] analyzing module mux32to1_1022
INFO: [VRFC 10-311] analyzing module mux32to1_1023
INFO: [VRFC 10-311] analyzing module mux32to1_1024
INFO: [VRFC 10-311] analyzing module mux32to1_1025
INFO: [VRFC 10-311] analyzing module mux32to1_1026
INFO: [VRFC 10-311] analyzing module mux32to1_1027
INFO: [VRFC 10-311] analyzing module mux32to1_1028
INFO: [VRFC 10-311] analyzing module mux32to1_1029
INFO: [VRFC 10-311] analyzing module mux32to1_1030
INFO: [VRFC 10-311] analyzing module mux32to1_1031
INFO: [VRFC 10-311] analyzing module mux32to1_1032
INFO: [VRFC 10-311] analyzing module mux32to1_1033
INFO: [VRFC 10-311] analyzing module mux32to1_1034
INFO: [VRFC 10-311] analyzing module mux32to1_1035
INFO: [VRFC 10-311] analyzing module mux32to1_1036
INFO: [VRFC 10-311] analyzing module mux32to1_1037
INFO: [VRFC 10-311] analyzing module mux32to1_1038
INFO: [VRFC 10-311] analyzing module mux32to1_1039
INFO: [VRFC 10-311] analyzing module mux32to1_1040
INFO: [VRFC 10-311] analyzing module mux32to1_1041
INFO: [VRFC 10-311] analyzing module mux32to1_1042
INFO: [VRFC 10-311] analyzing module mux32to1_1043
INFO: [VRFC 10-311] analyzing module mux32to1_1044
INFO: [VRFC 10-311] analyzing module mux32to1_1045
INFO: [VRFC 10-311] analyzing module mux32to1_1046
INFO: [VRFC 10-311] analyzing module mux32to1_1047
INFO: [VRFC 10-311] analyzing module mux32to1_1048
INFO: [VRFC 10-311] analyzing module mux32to1_1049
INFO: [VRFC 10-311] analyzing module mux32to1_1050
INFO: [VRFC 10-311] analyzing module mux32to1_1051
INFO: [VRFC 10-311] analyzing module mux32to1_1052
INFO: [VRFC 10-311] analyzing module mux32to1_1053
INFO: [VRFC 10-311] analyzing module mux32to1_1054
INFO: [VRFC 10-311] analyzing module mux32to1_1055
INFO: [VRFC 10-311] analyzing module mux32to1_1056
INFO: [VRFC 10-311] analyzing module mux32to1_1057
INFO: [VRFC 10-311] analyzing module mux32to1_1058
INFO: [VRFC 10-311] analyzing module mux32to1_1059
INFO: [VRFC 10-311] analyzing module mux32to1_1060
INFO: [VRFC 10-311] analyzing module mux32to1_1061
INFO: [VRFC 10-311] analyzing module mux32to1_1062
INFO: [VRFC 10-311] analyzing module mux32to1_1063
INFO: [VRFC 10-311] analyzing module mux32to1_1064
INFO: [VRFC 10-311] analyzing module mux32to1_1065
INFO: [VRFC 10-311] analyzing module mux32to1_1066
INFO: [VRFC 10-311] analyzing module mux32to1_1067
INFO: [VRFC 10-311] analyzing module mux32to1_1068
INFO: [VRFC 10-311] analyzing module mux32to1_1069
INFO: [VRFC 10-311] analyzing module mux32to1_1070
INFO: [VRFC 10-311] analyzing module mux32to1_1071
INFO: [VRFC 10-311] analyzing module mux32to1_1072
INFO: [VRFC 10-311] analyzing module mux32to1_1073
INFO: [VRFC 10-311] analyzing module mux32x32to32
INFO: [VRFC 10-311] analyzing module mux32x32to32_36
INFO: [VRFC 10-311] analyzing module register
INFO: [VRFC 10-311] analyzing module register_12
INFO: [VRFC 10-311] analyzing module register_17
INFO: [VRFC 10-311] analyzing module register_18
INFO: [VRFC 10-311] analyzing module register_19
INFO: [VRFC 10-311] analyzing module register_2
INFO: [VRFC 10-311] analyzing module register_22
INFO: [VRFC 10-311] analyzing module register_23
INFO: [VRFC 10-311] analyzing module register_24
INFO: [VRFC 10-311] analyzing module register_26
INFO: [VRFC 10-311] analyzing module register_28
INFO: [VRFC 10-311] analyzing module register_35
INFO: [VRFC 10-311] analyzing module register_37
INFO: [VRFC 10-311] analyzing module register_38
INFO: [VRFC 10-311] analyzing module register_39
INFO: [VRFC 10-311] analyzing module register_40
INFO: [VRFC 10-311] analyzing module register_41
INFO: [VRFC 10-311] analyzing module register_42
INFO: [VRFC 10-311] analyzing module register_43
INFO: [VRFC 10-311] analyzing module register_44
INFO: [VRFC 10-311] analyzing module register_45
INFO: [VRFC 10-311] analyzing module register_46
INFO: [VRFC 10-311] analyzing module register_47
INFO: [VRFC 10-311] analyzing module register_48
INFO: [VRFC 10-311] analyzing module register_49
INFO: [VRFC 10-311] analyzing module register_50
INFO: [VRFC 10-311] analyzing module register_51
INFO: [VRFC 10-311] analyzing module glbl
